110.137.38.174 - - [23/Dec/2024:18:21:31 +0700] "GET /images/about-bg.jpg HTTP/1.1" 200 121941 "https://epasien.rshajikamino.com/index.php?act=Home" "Mozilla/5.0 (Macintosh; Intel Mac OS X 10_15_7) AppleWebKit/605.1.15 (KHTML, like Gecko) Version/18.1.1 Safari/605.1.15"
110.137.38.174 - - [23/Dec/2024:18:21:32 +0700] "GET /images/appointment-image.jpg HTTP/1.1" 200 110548 "https://epasien.rshajikamino.com/index.php?act=Home" "Mozilla/5.0 (Macintosh; Intel Mac OS X 10_15_7) AppleWebKit/605.1.15 (KHTML, like Gecko) Version/18.1.1 Safari/605.1.15"
110.137.38.174 - - [23/Dec/2024:18:21:32 +0700] "GET /images/slider2.jpg HTTP/1.1" 200 101358 "https://epasien.rshajikamino.com/index.php?act=Home" "Mozilla/5.0 (Macintosh; Intel Mac OS X 10_15_7) AppleWebKit/605.1.15 (KHTML, like Gecko) Version/18.1.1 Safari/605.1.15"
110.137.38.174 - - [23/Dec/2024:18:21:32 +0700] "GET /images/slider3.jpg HTTP/1.1" 200 151979 "https://epasien.rshajikamino.com/index.php?act=Home" "Mozilla/5.0 (Macintosh; Intel Mac OS X 10_15_7) AppleWebKit/605.1.15 (KHTML, like Gecko) Version/18.1.1 Safari/605.1.15"
110.137.38.174 - - [23/Dec/2024:18:21:37 +0700] "GET /apple-touch-icon-precomposed.png HTTP/1.1" 404 230 "-" "com.apple.WebKit.Networking/20619.2.8.11.12 Network/4277.41.2 macOS/15.1.1"
110.137.38.174 - - [23/Dec/2024:18:21:37 +0700] "GET /favicon.ico HTTP/1.1" 404 209 "-" "com.apple.WebKit.Networking/20619.2.8.11.12 Network/4277.41.2 macOS/15.1.1"
110.137.38.174 - - [23/Dec/2024:18:21:37 +0700] "GET /apple-touch-icon.png HTTP/1.1" 404 218 "-" "com.apple.WebKit.Networking/20619.2.8.11.12 Network/4277.41.2 macOS/15.1.1"
110.137.38.174 - - [23/Dec/2024:18:21:37 +0700] "GET /images/appointment-image.jpg HTTP/1.1" 200 110548 "-" "com.apple.WebKit.Networking/20619.2.8.11.12 Network/4277.41.2 macOS/15.1.1"
66.249.75.232 - - [23/Dec/2024:18:21:53 +0700] "GET /index.php?act=Home HTTP/1.1" 200 29905 "-" "Mozilla/5.0 (compatible; Googlebot/2.1; +http://www.google.com/bot.html)"
110.137.38.174 - - [23/Dec/2024:18:22:20 +0700] "GET /index.php?act=Home HTTP/1.1" 200 29905 "https://search.google.com/" "Mozilla/5.0 (Macintosh; Intel Mac OS X 10_15_7) AppleWebKit/605.1.15 (KHTML, like Gecko) Version/18.1.1 Safari/605.1.15"
110.137.38.174 - - [23/Dec/2024:18:22:20 +0700] "GET /images/pages/pegawai/photo/ HTTP/1.1" 200 430 "https://epasien.rshajikamino.com/index.php?act=Home" "Mozilla/5.0 (Macintosh; Intel Mac OS X 10_15_7) AppleWebKit/605.1.15 (KHTML, like Gecko) Version/18.1.1 Safari/605.1.15"
110.137.38.174 - - [23/Dec/2024:18:22:20 +0700] "GET /images/pages/pegawai/photo/ HTTP/1.1" 200 430 "https://epasien.rshajikamino.com/" "Mozilla/5.0 (Macintosh; Intel Mac OS X 10_15_7) AppleWebKit/605.1.15 (KHTML, like Gecko) Version/18.1.1 Safari/605.1.15"
110.137.38.174 - - [23/Dec/2024:18:22:31 +0700] "GET /index.php?act=FasilitasKamar HTTP/1.1" 200 59310 "https://epasien.rshajikamino.com/" "Mozilla/5.0 (Macintosh; Intel Mac OS X 10_15_7) AppleWebKit/605.1.15 (KHTML, like Gecko) Version/18.1.1 Safari/605.1.15"
110.137.38.174 - - [23/Dec/2024:18:22:37 +0700] "GET /index.php?act=FasilitasOperasi HTTP/1.1" 200 55322 "https://epasien.rshajikamino.com/" "Mozilla/5.0 (Macintosh; Intel Mac OS X 10_15_7) AppleWebKit/605.1.15 (KHTML, like Gecko) Version/18.1.1 Safari/605.1.15"
110.137.38.174 - - [23/Dec/2024:18:22:45 +0700] "GET /index.php?act=FasilitasOnline HTTP/1.1" 200 10546 "https://epasien.rshajikamino.com/" "Mozilla/5.0 (Macintosh; Intel Mac OS X 10_15_7) AppleWebKit/605.1.15 (KHTML, like Gecko) Version/18.1.1 Safari/605.1.15"
110.137.38.174 - - [23/Dec/2024:18:22:50 +0700] "GET /index.php?act=FasilitasKamar HTTP/1.1" 200 59310 "https://epasien.rshajikamino.com/" "Mozilla/5.0 (Macintosh; Intel Mac OS X 10_15_7) AppleWebKit/605.1.15 (KHTML, like Gecko) Version/18.1.1 Safari/605.1.15"
110.137.38.174 - - [23/Dec/2024:18:22:56 +0700] "GET /apple-touch-icon-precomposed.png HTTP/1.1" 404 230 "-" "com.apple.WebKit.Networking/20619.2.8.11.12 Network/4277.41.2 macOS/15.1.1"
110.137.38.174 - - [23/Dec/2024:18:22:56 +0700] "GET /favicon.ico HTTP/1.1" 404 209 "-" "com.apple.WebKit.Networking/20619.2.8.11.12 Network/4277.41.2 macOS/15.1.1"
110.137.38.174 - - [23/Dec/2024:18:22:56 +0700] "GET /apple-touch-icon.png HTTP/1.1" 404 218 "-" "com.apple.WebKit.Networking/20619.2.8.11.12 Network/4277.41.2 macOS/15.1.1"
66.249.75.232 - - [23/Dec/2024:18:23:12 +0700] "GET /index.php?act=FasilitasKamar HTTP/1.1" 200 59310 "-" "Mozilla/5.0 (compatible; Googlebot/2.1; +http://www.google.com/bot.html)"
110.137.38.174 - - [23/Dec/2024:18:23:53 +0700] "GET /index.php?act=FasilitasKamar HTTP/1.1" 200 59310 "https://search.google.com/" "Mozilla/5.0 (Macintosh; Intel Mac OS X 10_15_7) AppleWebKit/605.1.15 (KHTML, like Gecko) Version/18.1.1 Safari/605.1.15"
64.233.173.163 - - [23/Dec/2024:18:24:41 +0700] "GET /google02053a808b679852.html HTTP/1.1" 404 225 "-" "Mozilla/5.0 (compatible; Google-Site-Verification/1.0)"
64.233.173.162 - - [23/Dec/2024:18:24:41 +0700] "GET /google51651f7acbb114b5.html HTTP/1.1" 200 53 "-" "Mozilla/5.0 (compatible; Google-Site-Verification/1.0)"
64.233.173.164 - - [23/Dec/2024:18:24:41 +0700] "GET / HTTP/1.1" 200 29905 "-" "Mozilla/5.0 (compatible; Google-Site-Verification/1.0)"
64.233.173.163 - - [23/Dec/2024:18:24:41 +0700] "GET / HTTP/1.1" 200 29905 "-" "Mozilla/5.0 (compatible; Google-Site-Verification/1.0)"
64.233.173.162 - - [23/Dec/2024:18:24:41 +0700] "GET / HTTP/1.1" 200 29905 "-" "Mozilla/5.0 (compatible; Google-Site-Verification/1.0)"
64.233.173.162 - - [23/Dec/2024:18:24:45 +0700] "GET /?cachebuster=1769991477 HTTP/1.1" 200 29905 "-" "Mozilla/5.0 (compatible; Google-Site-Verification/1.0)"
64.233.173.164 - - [23/Dec/2024:18:24:46 +0700] "GET /google02053a808b679852.html HTTP/1.1" 404 225 "-" "Mozilla/5.0 (compatible; Google-Site-Verification/1.0)"
64.233.173.163 - - [23/Dec/2024:18:24:46 +0700] "GET /google51651f7acbb114b5.html HTTP/1.1" 200 53 "-" "Mozilla/5.0 (compatible; Google-Site-Verification/1.0)"
66.249.75.131 - - [23/Dec/2024:18:24:56 +0700] "GET /robots.txt HTTP/1.1" 404 208 "-" "Mozilla/5.0 (compatible; Googlebot/2.1; +http://www.google.com/bot.html)"
66.249.75.131 - - [23/Dec/2024:18:24:56 +0700] "GET / HTTP/1.1" 200 29905 "-" "Mozilla/5.0 (Linux; Android 6.0.1; Nexus 5X Build/MMB29P) AppleWebKit/537.36 (KHTML, like Gecko) Chrome/131.0.6778.139 Mobile Safari/537.36 (compatible; Googlebot/2.1; +http://www.google.com/bot.html)"
66.249.75.130 - - [23/Dec/2024:18:25:03 +0700] "GET /css/bootstrap.min.css HTTP/1.1" 200 121265 "https://www.epasien.rshajikamino.com/" "Mozilla/5.0 (Linux; Android 6.0.1; Nexus 5X Build/MMB29P) AppleWebKit/537.36 (KHTML, like Gecko) Chrome/131.0.6778.139 Mobile Safari/537.36 (compatible; Googlebot/2.1; +http://www.google.com/bot.html)"
66.249.75.130 - - [23/Dec/2024:18:25:05 +0700] "GET /css/tooplate-style.css HTTP/1.1" 200 19181 "https://www.epasien.rshajikamino.com/" "Mozilla/5.0 (Linux; Android 6.0.1; Nexus 5X Build/MMB29P) AppleWebKit/537.36 (KHTML, like Gecko) Chrome/131.0.6778.139 Mobile Safari/537.36 (compatible; Googlebot/2.1; +http://www.google.com/bot.html)"
66.249.75.130 - - [23/Dec/2024:18:25:07 +0700] "GET /css/font-awesome.min.css HTTP/1.1" 200 31004 "https://www.epasien.rshajikamino.com/" "Mozilla/5.0 (Linux; Android 6.0.1; Nexus 5X Build/MMB29P) AppleWebKit/537.36 (KHTML, like Gecko) Chrome/131.0.6778.139 Mobile Safari/537.36 (compatible; Googlebot/2.1; +http://www.google.com/bot.html)"
66.249.75.130 - - [23/Dec/2024:18:25:08 +0700] "GET /css/owl.carousel.css HTTP/1.1" 200 4198 "https://www.epasien.rshajikamino.com/" "Mozilla/5.0 (Linux; Android 6.0.1; Nexus 5X Build/MMB29P) AppleWebKit/537.36 (KHTML, like Gecko) Chrome/131.0.6778.139 Mobile Safari/537.36 (compatible; Googlebot/2.1; +http://www.google.com/bot.html)"
66.249.75.130 - - [23/Dec/2024:18:25:10 +0700] "GET /js/jquery.sticky.js HTTP/1.1" 200 7523 "https://www.epasien.rshajikamino.com/" "Mozilla/5.0 (Linux; Android 6.0.1; Nexus 5X Build/MMB29P) AppleWebKit/537.36 (KHTML, like Gecko) Chrome/131.0.6778.139 Mobile Safari/537.36 (compatible; Googlebot/2.1; +http://www.google.com/bot.html)"
66.249.75.130 - - [23/Dec/2024:18:25:12 +0700] "GET /css/owl.theme.default.min.css HTTP/1.1" 200 941 "https://www.epasien.rshajikamino.com/" "Mozilla/5.0 (Linux; Android 6.0.1; Nexus 5X Build/MMB29P) AppleWebKit/537.36 (KHTML, like Gecko) Chrome/131.0.6778.139 Mobile Safari/537.36 (compatible; Googlebot/2.1; +http://www.google.com/bot.html)"
66.249.75.130 - - [23/Dec/2024:18:25:14 +0700] "GET /js/jquery.js HTTP/1.1" 200 85661 "https://www.epasien.rshajikamino.com/" "Mozilla/5.0 (Linux; Android 6.0.1; Nexus 5X Build/MMB29P) AppleWebKit/537.36 (KHTML, like Gecko) Chrome/131.0.6778.139 Mobile Safari/537.36 (compatible; Googlebot/2.1; +http://www.google.com/bot.html)"
66.249.75.130 - - [23/Dec/2024:18:25:16 +0700] "GET /css/tooplate.css HTTP/1.1" 200 3264 "https://www.epasien.rshajikamino.com/css/tooplate-style.css" "Mozilla/5.0 (Linux; Android 6.0.1; Nexus 5X Build/MMB29P) AppleWebKit/537.36 (KHTML, like Gecko) Chrome/131.0.6778.139 Mobile Safari/537.36 (compatible; Googlebot/2.1; +http://www.google.com/bot.html)"
110.137.38.174 - - [23/Dec/2024:18:29:21 +0700] "GET /index.php?act=Home HTTP/1.1" 200 29905 "https://search.google.com/" "Mozilla/5.0 (Macintosh; Intel Mac OS X 10_15_7) AppleWebKit/605.1.15 (KHTML, like Gecko) Version/18.1.1 Safari/605.1.15"
110.137.38.174 - - [23/Dec/2024:18:29:21 +0700] "GET /images/pages/pegawai/photo/ HTTP/1.1" 200 430 "https://epasien.rshajikamino.com/" "Mozilla/5.0 (Macintosh; Intel Mac OS X 10_15_7) AppleWebKit/605.1.15 (KHTML, like Gecko) Version/18.1.1 Safari/605.1.15"
110.137.38.174 - - [23/Dec/2024:18:29:28 +0700] "GET /apple-touch-icon-precomposed.png HTTP/1.1" 404 230 "-" "com.apple.WebKit.Networking/20619.2.8.11.12 Network/4277.41.2 macOS/15.1.1"
110.137.38.174 - - [23/Dec/2024:18:29:29 +0700] "GET /favicon.ico HTTP/1.1" 404 209 "-" "com.apple.WebKit.Networking/20619.2.8.11.12 Network/4277.41.2 macOS/15.1.1"
110.137.38.174 - - [23/Dec/2024:18:29:29 +0700] "GET /apple-touch-icon.png HTTP/1.1" 404 218 "-" "com.apple.WebKit.Networking/20619.2.8.11.12 Network/4277.41.2 macOS/15.1.1"
110.137.38.174 - - [23/Dec/2024:18:29:29 +0700] "GET /images/appointment-image.jpg HTTP/1.1" 200 110548 "-" "com.apple.WebKit.Networking/20619.2.8.11.12 Network/4277.41.2 macOS/15.1.1"
66.249.75.230 - - [23/Dec/2024:18:31:12 +0700] "GET /sitemap.xml HTTP/1.1" 200 489 "-" "Mozilla/5.0 (compatible; Googlebot/2.1; +http://www.google.com/bot.html)"
110.137.38.174 - - [23/Dec/2024:18:31:22 +0700] "GET /sitemap.xml HTTP/1.1" 200 489 "https://search.google.com/" "Mozilla/5.0 (Macintosh; Intel Mac OS X 10_15_7) AppleWebKit/605.1.15 (KHTML, like Gecko) Version/18.1.1 Safari/605.1.15"
110.137.38.174 - - [23/Dec/2024:18:32:19 +0700] "GET / HTTP/1.1" 200 29905 "-" "Mozilla/5.0 (Macintosh; Intel Mac OS X 10_15_7) AppleWebKit/605.1.15 (KHTML, like Gecko) Version/18.1.1 Safari/605.1.15"
110.137.38.174 - - [23/Dec/2024:18:32:19 +0700] "GET /images/pages/pegawai/photo/ HTTP/1.1" 200 430 "https://epasien.rshajikamino.com/" "Mozilla/5.0 (Macintosh; Intel Mac OS X 10_15_7) AppleWebKit/605.1.15 (KHTML, like Gecko) Version/18.1.1 Safari/605.1.15"
110.137.38.174 - - [23/Dec/2024:18:32:40 +0700] "GET / HTTP/1.1" 200 29905 "-" "Mozilla/5.0 (Macintosh; Intel Mac OS X 10_15_7) AppleWebKit/605.1.15 (KHTML, like Gecko) Version/18.1.1 Safari/605.1.15"
110.137.38.174 - - [23/Dec/2024:18:32:41 +0700] "GET /images/pages/pegawai/photo/ HTTP/1.1" 200 430 "https://epasien.rshajikamino.com/" "Mozilla/5.0 (Macintosh; Intel Mac OS X 10_15_7) AppleWebKit/605.1.15 (KHTML, like Gecko) Version/18.1.1 Safari/605.1.15"
110.137.38.174 - - [23/Dec/2024:18:34:23 +0700] "GET / HTTP/1.1" 200 29905 "-" "Mozilla/5.0 (Macintosh; Intel Mac OS X 10_15_7) AppleWebKit/605.1.15 (KHTML, like Gecko) Version/18.1.1 Safari/605.1.15"
110.137.38.174 - - [23/Dec/2024:18:34:23 +0700] "GET /images/pages/pegawai/photo/ HTTP/1.1" 200 430 "https://epasien.rshajikamino.com/" "Mozilla/5.0 (Macintosh; Intel Mac OS X 10_15_7) AppleWebKit/605.1.15 (KHTML, like Gecko) Version/18.1.1 Safari/605.1.15"
66.249.75.226 - - [23/Dec/2024:18:36:14 +0700] "GET /robots.txt HTTP/1.1" 301 251 "-" "Mozilla/5.0 (compatible; Googlebot/2.1; +http://www.google.com/bot.html)"
66.249.75.225 - - [23/Dec/2024:18:36:14 +0700] "GET / HTTP/1.1" 301 241 "-" "Mozilla/5.0 (Linux; Android 6.0.1; Nexus 5X Build/MMB29P) AppleWebKit/537.36 (KHTML, like Gecko) Chrome/99.0.4844.84 Mobile Safari/537.36 (compatible; Googlebot/2.1; +http://www.google.com/bot.html)"
66.249.75.231 - - [23/Dec/2024:18:36:16 +0700] "GET / HTTP/1.1" 200 29905 "-" "Mozilla/5.0 (Linux; Android 6.0.1; Nexus 5X Build/MMB29P) AppleWebKit/537.36 (KHTML, like Gecko) Chrome/99.0.4844.84 Mobile Safari/537.36 (compatible; Googlebot/2.1; +http://www.google.com/bot.html)"
66.249.75.226 - - [23/Dec/2024:18:36:19 +0700] "GET / HTTP/1.1" 301 241 "-" "Mozilla/5.0 (compatible; Googlebot/2.1; +http://www.google.com/bot.html)"
66.249.75.231 - - [23/Dec/2024:18:36:19 +0700] "GET / HTTP/1.1" 200 29905 "-" "Mozilla/5.0 (compatible; Googlebot/2.1; +http://www.google.com/bot.html)"
66.249.75.231 - - [23/Dec/2024:18:36:23 +0700] "GET /css/owl.theme.default.min.css HTTP/1.1" 200 941 "https://epasien.rshajikamino.com/" "Mozilla/5.0 AppleWebKit/537.36 (KHTML, like Gecko; compatible; Googlebot/2.1; +http://www.google.com/bot.html) Chrome/131.0.6778.139 Safari/537.36"
66.249.75.230 - - [23/Dec/2024:18:36:24 +0700] "GET /conf/validator.js HTTP/1.1" 200 24087 "https://epasien.rshajikamino.com/" "Mozilla/5.0 AppleWebKit/537.36 (KHTML, like Gecko; compatible; Googlebot/2.1; +http://www.google.com/bot.html) Chrome/131.0.6778.139 Safari/537.36"
66.249.75.230 - - [23/Dec/2024:18:36:24 +0700] "GET /css/owl.theme.default.min.css HTTP/1.1" 200 941 "https://epasien.rshajikamino.com/" "Mozilla/5.0 (Linux; Android 6.0.1; Nexus 5X Build/MMB29P) AppleWebKit/537.36 (KHTML, like Gecko) Chrome/131.0.6778.139 Mobile Safari/537.36 (compatible; Googlebot/2.1; +http://www.google.com/bot.html)"
66.249.75.230 - - [23/Dec/2024:18:36:25 +0700] "GET /conf/validator.js HTTP/1.1" 200 24087 "https://epasien.rshajikamino.com/" "Mozilla/5.0 (Linux; Android 6.0.1; Nexus 5X Build/MMB29P) AppleWebKit/537.36 (KHTML, like Gecko) Chrome/131.0.6778.139 Mobile Safari/537.36 (compatible; Googlebot/2.1; +http://www.google.com/bot.html)"
66.249.82.171 - - [23/Dec/2024:18:38:07 +0700] "GET / HTTP/1.1" 200 29905 "-" "Mozilla/5.0 (Linux; Android 7.0; Moto G (4)) AppleWebKit/537.36 (KHTML, like Gecko) Chrome/94.0.4590.2 Mobile Safari/537.36 Chrome-Lighthouse"
66.249.82.172 - - [23/Dec/2024:18:38:10 +0700] "GET / HTTP/1.1" 200 29905 "-" "Mozilla/5.0 (Macintosh; Intel Mac OS X 10_15_7) AppleWebKit/537.36 (KHTML, like Gecko) Chrome/94.0.4590.2 Safari/537.36 Chrome-Lighthouse"
66.249.82.167 - - [23/Dec/2024:18:38:16 +0700] "GET / HTTP/1.1" 200 29905 "-" "Mozilla/5.0 (Linux; Android 7.0; Moto G (4)) AppleWebKit/537.36 (KHTML, like Gecko) Chrome/94.0.4590.2 Mobile Safari/537.36 Chrome-Lighthouse"
66.249.82.167 - - [23/Dec/2024:18:38:16 +0700] "GET / HTTP/1.1" 200 29905 "-" "Mozilla/5.0 (Macintosh; Intel Mac OS X 10_15_7) AppleWebKit/537.36 (KHTML, like Gecko) Chrome/94.0.4590.2 Safari/537.36 Chrome-Lighthouse"
66.249.82.167 - - [23/Dec/2024:18:38:19 +0700] "GET /css/owl.theme.default.min.css HTTP/1.1" 200 941 "https://epasien.rshajikamino.com/" "Mozilla/5.0 (Linux; Android 7.0; Moto G (4)) AppleWebKit/537.36 (KHTML, like Gecko) Chrome/94.0.4590.2 Mobile Safari/537.36 Chrome-Lighthouse"
66.249.82.167 - - [23/Dec/2024:18:38:19 +0700] "GET /js/jquery.js HTTP/1.1" 200 85661 "https://epasien.rshajikamino.com/" "Mozilla/5.0 (Macintosh; Intel Mac OS X 10_15_7) AppleWebKit/537.36 (KHTML, like Gecko) Chrome/94.0.4590.2 Safari/537.36 Chrome-Lighthouse"
66.249.82.168 - - [23/Dec/2024:18:38:19 +0700] "GET /css/owl.theme.default.min.css HTTP/1.1" 200 941 "https://epasien.rshajikamino.com/" "Mozilla/5.0 (Macintosh; Intel Mac OS X 10_15_7) AppleWebKit/537.36 (KHTML, like Gecko) Chrome/94.0.4590.2 Safari/537.36 Chrome-Lighthouse"
66.249.82.168 - - [23/Dec/2024:18:38:19 +0700] "GET /js/jquery.sticky.js HTTP/1.1" 200 7523 "https://epasien.rshajikamino.com/" "Mozilla/5.0 (Macintosh; Intel Mac OS X 10_15_7) AppleWebKit/537.36 (KHTML, like Gecko) Chrome/94.0.4590.2 Safari/537.36 Chrome-Lighthouse"
66.249.82.168 - - [23/Dec/2024:18:38:19 +0700] "GET /css/animate.css HTTP/1.1" 200 76080 "https://epasien.rshajikamino.com/" "Mozilla/5.0 (Linux; Android 7.0; Moto G (4)) AppleWebKit/537.36 (KHTML, like Gecko) Chrome/94.0.4590.2 Mobile Safari/537.36 Chrome-Lighthouse"
66.249.82.168 - - [23/Dec/2024:18:38:19 +0700] "GET /js/jquery.sticky.js HTTP/1.1" 200 7523 "https://epasien.rshajikamino.com/" "Mozilla/5.0 (Linux; Android 7.0; Moto G (4)) AppleWebKit/537.36 (KHTML, like Gecko) Chrome/94.0.4590.2 Mobile Safari/537.36 Chrome-Lighthouse"
66.249.82.167 - - [23/Dec/2024:18:38:19 +0700] "GET /js/smoothscroll.js HTTP/1.1" 200 4507 "https://epasien.rshajikamino.com/" "Mozilla/5.0 (Macintosh; Intel Mac OS X 10_15_7) AppleWebKit/537.36 (KHTML, like Gecko) Chrome/94.0.4590.2 Safari/537.36 Chrome-Lighthouse"
66.249.82.168 - - [23/Dec/2024:18:38:19 +0700] "GET /js/bootstrap.min.js HTTP/1.1" 200 36874 "https://epasien.rshajikamino.com/" "Mozilla/5.0 (Macintosh; Intel Mac OS X 10_15_7) AppleWebKit/537.36 (KHTML, like Gecko) Chrome/94.0.4590.2 Safari/537.36 Chrome-Lighthouse"
66.249.82.169 - - [23/Dec/2024:18:38:19 +0700] "GET /js/smoothscroll.js HTTP/1.1" 200 4507 "https://epasien.rshajikamino.com/" "Mozilla/5.0 (Linux; Android 7.0; Moto G (4)) AppleWebKit/537.36 (KHTML, like Gecko) Chrome/94.0.4590.2 Mobile Safari/537.36 Chrome-Lighthouse"
66.249.82.168 - - [23/Dec/2024:18:38:19 +0700] "GET /css/tooplate-style.css HTTP/1.1" 200 19181 "https://epasien.rshajikamino.com/" "Mozilla/5.0 (Macintosh; Intel Mac OS X 10_15_7) AppleWebKit/537.36 (KHTML, like Gecko) Chrome/94.0.4590.2 Safari/537.36 Chrome-Lighthouse"
66.249.82.168 - - [23/Dec/2024:18:38:20 +0700] "GET /css/owl.carousel.css HTTP/1.1" 200 4198 "https://epasien.rshajikamino.com/" "Mozilla/5.0 (Linux; Android 7.0; Moto G (4)) AppleWebKit/537.36 (KHTML, like Gecko) Chrome/94.0.4590.2 Mobile Safari/537.36 Chrome-Lighthouse"
66.249.82.169 - - [23/Dec/2024:18:38:21 +0700] "GET /css/font-awesome.min.css HTTP/1.1" 200 31004 "https://epasien.rshajikamino.com/" "Mozilla/5.0 (Macintosh; Intel Mac OS X 10_15_7) AppleWebKit/537.36 (KHTML, like Gecko) Chrome/94.0.4590.2 Safari/537.36 Chrome-Lighthouse"
66.249.82.169 - - [23/Dec/2024:18:38:21 +0700] "GET /images/author-image.jpg HTTP/1.1" 200 38100 "https://epasien.rshajikamino.com/" "Mozilla/5.0 (Macintosh; Intel Mac OS X 10_15_7) AppleWebKit/537.36 (KHTML, like Gecko) Chrome/94.0.4590.2 Safari/537.36 Chrome-Lighthouse"
66.249.82.169 - - [23/Dec/2024:18:38:22 +0700] "GET /js/bootstrap.min.js HTTP/1.1" 200 36874 "https://epasien.rshajikamino.com/" "Mozilla/5.0 (Linux; Android 7.0; Moto G (4)) AppleWebKit/537.36 (KHTML, like Gecko) Chrome/94.0.4590.2 Mobile Safari/537.36 Chrome-Lighthouse"
66.249.82.167 - - [23/Dec/2024:18:38:22 +0700] "GET /js/wow.min.js HTTP/1.1" 200 7083 "https://epasien.rshajikamino.com/" "Mozilla/5.0 (Linux; Android 7.0; Moto G (4)) AppleWebKit/537.36 (KHTML, like Gecko) Chrome/94.0.4590.2 Mobile Safari/537.36 Chrome-Lighthouse"
66.249.82.168 - - [23/Dec/2024:18:38:22 +0700] "GET /js/custom.js HTTP/1.1" 200 938 "https://epasien.rshajikamino.com/" "Mozilla/5.0 (Linux; Android 7.0; Moto G (4)) AppleWebKit/537.36 (KHTML, like Gecko) Chrome/94.0.4590.2 Mobile Safari/537.36 Chrome-Lighthouse"
66.249.82.169 - - [23/Dec/2024:18:38:22 +0700] "GET /images/appointment-image.jpg HTTP/1.1" 200 110548 "https://epasien.rshajikamino.com/" "Mozilla/5.0 (Linux; Android 7.0; Moto G (4)) AppleWebKit/537.36 (KHTML, like Gecko) Chrome/94.0.4590.2 Mobile Safari/537.36 Chrome-Lighthouse"
66.249.82.167 - - [23/Dec/2024:18:38:23 +0700] "GET /js/wow.min.js HTTP/1.1" 200 7083 "https://epasien.rshajikamino.com/" "Mozilla/5.0 (Macintosh; Intel Mac OS X 10_15_7) AppleWebKit/537.36 (KHTML, like Gecko) Chrome/94.0.4590.2 Safari/537.36 Chrome-Lighthouse"
66.249.82.167 - - [23/Dec/2024:18:38:23 +0700] "GET /js/owl.carousel.min.js HTTP/1.1" 200 42772 "https://epasien.rshajikamino.com/" "Mozilla/5.0 (Macintosh; Intel Mac OS X 10_15_7) AppleWebKit/537.36 (KHTML, like Gecko) Chrome/94.0.4590.2 Safari/537.36 Chrome-Lighthouse"
66.249.82.168 - - [23/Dec/2024:18:38:23 +0700] "GET /images/pages/pegawai/photo/ HTTP/1.1" 200 430 "https://epasien.rshajikamino.com/" "Mozilla/5.0 (Linux; Android 7.0; Moto G (4)) AppleWebKit/537.36 (KHTML, like Gecko) Chrome/94.0.4590.2 Mobile Safari/537.36 Chrome-Lighthouse"
66.249.82.169 - - [23/Dec/2024:18:38:23 +0700] "GET /css/tooplate-style.css HTTP/1.1" 200 19181 "https://epasien.rshajikamino.com/" "Mozilla/5.0 (Linux; Android 7.0; Moto G (4)) AppleWebKit/537.36 (KHTML, like Gecko) Chrome/94.0.4590.2 Mobile Safari/537.36 Chrome-Lighthouse"
66.249.82.167 - - [23/Dec/2024:18:38:23 +0700] "GET /js/jquery.stellar.min.js HTTP/1.1" 200 12598 "https://epasien.rshajikamino.com/" "Mozilla/5.0 (Macintosh; Intel Mac OS X 10_15_7) AppleWebKit/537.36 (KHTML, like Gecko) Chrome/94.0.4590.2 Safari/537.36 Chrome-Lighthouse"
66.249.82.169 - - [23/Dec/2024:18:38:23 +0700] "GET /images/pages/pegawai/photo/ HTTP/1.1" 200 430 "https://epasien.rshajikamino.com/" "Mozilla/5.0 (Macintosh; Intel Mac OS X 10_15_7) AppleWebKit/537.36 (KHTML, like Gecko) Chrome/94.0.4590.2 Safari/537.36 Chrome-Lighthouse"
66.249.82.167 - - [23/Dec/2024:18:38:23 +0700] "GET /js/jquery.js HTTP/1.1" 200 85661 "https://epasien.rshajikamino.com/" "Mozilla/5.0 (Linux; Android 7.0; Moto G (4)) AppleWebKit/537.36 (KHTML, like Gecko) Chrome/94.0.4590.2 Mobile Safari/537.36 Chrome-Lighthouse"
66.249.82.169 - - [23/Dec/2024:18:38:23 +0700] "GET /css/bootstrap.min.css HTTP/1.1" 200 121265 "https://epasien.rshajikamino.com/" "Mozilla/5.0 (Macintosh; Intel Mac OS X 10_15_7) AppleWebKit/537.36 (KHTML, like Gecko) Chrome/94.0.4590.2 Safari/537.36 Chrome-Lighthouse"
66.249.82.167 - - [23/Dec/2024:18:38:24 +0700] "GET /conf/validator.js HTTP/1.1" 200 24087 "https://epasien.rshajikamino.com/" "Mozilla/5.0 (Linux; Android 7.0; Moto G (4)) AppleWebKit/537.36 (KHTML, like Gecko) Chrome/94.0.4590.2 Mobile Safari/537.36 Chrome-Lighthouse"
66.249.82.167 - - [23/Dec/2024:18:38:24 +0700] "GET /js/owl.carousel.min.js HTTP/1.1" 200 42772 "https://epasien.rshajikamino.com/" "Mozilla/5.0 (Linux; Android 7.0; Moto G (4)) AppleWebKit/537.36 (KHTML, like Gecko) Chrome/94.0.4590.2 Mobile Safari/537.36 Chrome-Lighthouse"
66.249.82.169 - - [23/Dec/2024:18:38:24 +0700] "GET /images/pages/pegawai/photo/drkalis.jpeg HTTP/1.1" 200 20387 "https://epasien.rshajikamino.com/" "Mozilla/5.0 (Linux; Android 7.0; Moto G (4)) AppleWebKit/537.36 (KHTML, like Gecko) Chrome/94.0.4590.2 Mobile Safari/537.36 Chrome-Lighthouse"
66.249.82.168 - - [23/Dec/2024:18:38:24 +0700] "GET /js/custom.js HTTP/1.1" 200 938 "https://epasien.rshajikamino.com/" "Mozilla/5.0 (Macintosh; Intel Mac OS X 10_15_7) AppleWebKit/537.36 (KHTML, like Gecko) Chrome/94.0.4590.2 Safari/537.36 Chrome-Lighthouse"
66.249.82.168 - - [23/Dec/2024:18:38:24 +0700] "GET /css/font-awesome.min.css HTTP/1.1" 200 31004 "https://epasien.rshajikamino.com/" "Mozilla/5.0 (Linux; Android 7.0; Moto G (4)) AppleWebKit/537.36 (KHTML, like Gecko) Chrome/94.0.4590.2 Mobile Safari/537.36 Chrome-Lighthouse"
66.249.82.167 - - [23/Dec/2024:18:38:24 +0700] "GET /css/animate.css HTTP/1.1" 200 76080 "https://epasien.rshajikamino.com/" "Mozilla/5.0 (Macintosh; Intel Mac OS X 10_15_7) AppleWebKit/537.36 (KHTML, like Gecko) Chrome/94.0.4590.2 Safari/537.36 Chrome-Lighthouse"
66.249.82.168 - - [23/Dec/2024:18:38:24 +0700] "GET /images/appointment-image.jpg HTTP/1.1" 200 110548 "https://epasien.rshajikamino.com/" "Mozilla/5.0 (Macintosh; Intel Mac OS X 10_15_7) AppleWebKit/537.36 (KHTML, like Gecko) Chrome/94.0.4590.2 Safari/537.36 Chrome-Lighthouse"
66.249.82.169 - - [23/Dec/2024:18:38:24 +0700] "GET /images/author-image.jpg HTTP/1.1" 200 38100 "https://epasien.rshajikamino.com/" "Mozilla/5.0 (Linux; Android 7.0; Moto G (4)) AppleWebKit/537.36 (KHTML, like Gecko) Chrome/94.0.4590.2 Mobile Safari/537.36 Chrome-Lighthouse"
66.249.82.168 - - [23/Dec/2024:18:38:24 +0700] "GET /images/pages/pegawai/photo/drkalis.jpeg HTTP/1.1" 200 20387 "https://epasien.rshajikamino.com/" "Mozilla/5.0 (Macintosh; Intel Mac OS X 10_15_7) AppleWebKit/537.36 (KHTML, like Gecko) Chrome/94.0.4590.2 Safari/537.36 Chrome-Lighthouse"
66.249.82.167 - - [23/Dec/2024:18:38:24 +0700] "GET /css/bootstrap.min.css HTTP/1.1" 200 121265 "https://epasien.rshajikamino.com/" "Mozilla/5.0 (Linux; Android 7.0; Moto G (4)) AppleWebKit/537.36 (KHTML, like Gecko) Chrome/94.0.4590.2 Mobile Safari/537.36 Chrome-Lighthouse"
66.249.82.169 - - [23/Dec/2024:18:38:24 +0700] "GET /js/jquery.stellar.min.js HTTP/1.1" 200 12598 "https://epasien.rshajikamino.com/" "Mozilla/5.0 (Linux; Android 7.0; Moto G (4)) AppleWebKit/537.36 (KHTML, like Gecko) Chrome/94.0.4590.2 Mobile Safari/537.36 Chrome-Lighthouse"
66.249.82.168 - - [23/Dec/2024:18:38:24 +0700] "GET /css/tooplate.css HTTP/1.1" 200 3264 "https://epasien.rshajikamino.com/css/tooplate-style.css" "Mozilla/5.0 (Macintosh; Intel Mac OS X 10_15_7) AppleWebKit/537.36 (KHTML, like Gecko) Chrome/94.0.4590.2 Safari/537.36 Chrome-Lighthouse"
66.249.82.167 - - [23/Dec/2024:18:38:24 +0700] "GET /conf/validator.js HTTP/1.1" 200 24087 "https://epasien.rshajikamino.com/" "Mozilla/5.0 (Macintosh; Intel Mac OS X 10_15_7) AppleWebKit/537.36 (KHTML, like Gecko) Chrome/94.0.4590.2 Safari/537.36 Chrome-Lighthouse"
66.249.82.167 - - [23/Dec/2024:18:38:24 +0700] "GET /css/owl.carousel.css HTTP/1.1" 200 4198 "https://epasien.rshajikamino.com/" "Mozilla/5.0 (Macintosh; Intel Mac OS X 10_15_7) AppleWebKit/537.36 (KHTML, like Gecko) Chrome/94.0.4590.2 Safari/537.36 Chrome-Lighthouse"
66.249.82.167 - - [23/Dec/2024:18:38:24 +0700] "GET /css/tooplate.css HTTP/1.1" 200 3264 "https://epasien.rshajikamino.com/css/tooplate-style.css" "Mozilla/5.0 (Linux; Android 7.0; Moto G (4)) AppleWebKit/537.36 (KHTML, like Gecko) Chrome/94.0.4590.2 Mobile Safari/537.36 Chrome-Lighthouse"
66.249.82.167 - - [23/Dec/2024:18:38:25 +0700] "GET /images/slider2.jpg HTTP/1.1" 200 101358 "https://epasien.rshajikamino.com/css/tooplate-style.css" "Mozilla/5.0 (Linux; Android 7.0; Moto G (4)) AppleWebKit/537.36 (KHTML, like Gecko) Chrome/94.0.4590.2 Mobile Safari/537.36 Chrome-Lighthouse"
66.249.82.169 - - [23/Dec/2024:18:38:25 +0700] "GET /images/slider1.jpg HTTP/1.1" 200 83969 "https://epasien.rshajikamino.com/css/tooplate-style.css" "Mozilla/5.0 (Macintosh; Intel Mac OS X 10_15_7) AppleWebKit/537.36 (KHTML, like Gecko) Chrome/94.0.4590.2 Safari/537.36 Chrome-Lighthouse"
66.249.82.167 - - [23/Dec/2024:18:38:25 +0700] "GET /images/about-bg.jpg HTTP/1.1" 200 121941 "https://epasien.rshajikamino.com/css/tooplate-style.css" "Mozilla/5.0 (Linux; Android 7.0; Moto G (4)) AppleWebKit/537.36 (KHTML, like Gecko) Chrome/94.0.4590.2 Mobile Safari/537.36 Chrome-Lighthouse"
66.249.82.168 - - [23/Dec/2024:18:38:25 +0700] "GET /css/pxiByp8kv8JHgFVrLEj6Z1xlFd2JQEk.woff2 HTTP/1.1" 200 7836 "https://epasien.rshajikamino.com/css/tooplate.css" "Mozilla/5.0 (Linux; Android 7.0; Moto G (4)) AppleWebKit/537.36 (KHTML, like Gecko) Chrome/94.0.4590.2 Mobile Safari/537.36 Chrome-Lighthouse"
66.249.82.167 - - [23/Dec/2024:18:38:25 +0700] "GET /css/pxiByp8kv8JHgFVrLEj6Z1xlFd2JQEk.woff2 HTTP/1.1" 200 7836 "https://epasien.rshajikamino.com/css/tooplate.css" "Mozilla/5.0 (Macintosh; Intel Mac OS X 10_15_7) AppleWebKit/537.36 (KHTML, like Gecko) Chrome/94.0.4590.2 Safari/537.36 Chrome-Lighthouse"
66.249.82.169 - - [23/Dec/2024:18:38:25 +0700] "GET /css/pxiByp8kv8JHgFVrLGT9Z1xlFd2JQEk.woff2 HTTP/1.1" 200 7960 "https://epasien.rshajikamino.com/css/tooplate.css" "Mozilla/5.0 (Macintosh; Intel Mac OS X 10_15_7) AppleWebKit/537.36 (KHTML, like Gecko) Chrome/94.0.4590.2 Safari/537.36 Chrome-Lighthouse"
66.249.82.167 - - [23/Dec/2024:18:38:25 +0700] "GET /css/pxiEyp8kv8JHgFVrJJfecnFHGPc.woff2 HTTP/1.1" 200 7968 "https://epasien.rshajikamino.com/css/tooplate.css" "Mozilla/5.0 (Linux; Android 7.0; Moto G (4)) AppleWebKit/537.36 (KHTML, like Gecko) Chrome/94.0.4590.2 Mobile Safari/537.36 Chrome-Lighthouse"
66.249.82.168 - - [23/Dec/2024:18:38:25 +0700] "GET /fonts/fontawesome-webfont.woff2?v=4.7.0 HTTP/1.1" 200 77160 "https://epasien.rshajikamino.com/css/font-awesome.min.css" "Mozilla/5.0 (Macintosh; Intel Mac OS X 10_15_7) AppleWebKit/537.36 (KHTML, like Gecko) Chrome/94.0.4590.2 Safari/537.36 Chrome-Lighthouse"
66.249.82.169 - - [23/Dec/2024:18:38:25 +0700] "GET /css/pxiEyp8kv8JHgFVrJJfecnFHGPc.woff2 HTTP/1.1" 200 7968 "https://epasien.rshajikamino.com/css/tooplate.css" "Mozilla/5.0 (Macintosh; Intel Mac OS X 10_15_7) AppleWebKit/537.36 (KHTML, like Gecko) Chrome/94.0.4590.2 Safari/537.36 Chrome-Lighthouse"
66.249.82.168 - - [23/Dec/2024:18:38:25 +0700] "GET /images/slider3.jpg HTTP/1.1" 200 151979 "https://epasien.rshajikamino.com/css/tooplate-style.css" "Mozilla/5.0 (Macintosh; Intel Mac OS X 10_15_7) AppleWebKit/537.36 (KHTML, like Gecko) Chrome/94.0.4590.2 Safari/537.36 Chrome-Lighthouse"
66.249.82.167 - - [23/Dec/2024:18:38:25 +0700] "GET /css/pxiByp8kv8JHgFVrLGT9Z1xlFd2JQEk.woff2 HTTP/1.1" 200 7960 "https://epasien.rshajikamino.com/css/tooplate.css" "Mozilla/5.0 (Linux; Android 7.0; Moto G (4)) AppleWebKit/537.36 (KHTML, like Gecko) Chrome/94.0.4590.2 Mobile Safari/537.36 Chrome-Lighthouse"
66.249.82.169 - - [23/Dec/2024:18:38:25 +0700] "GET /fonts/fontawesome-webfont.woff2?v=4.7.0 HTTP/1.1" 200 77160 "https://epasien.rshajikamino.com/css/font-awesome.min.css" "Mozilla/5.0 (Linux; Android 7.0; Moto G (4)) AppleWebKit/537.36 (KHTML, like Gecko) Chrome/94.0.4590.2 Mobile Safari/537.36 Chrome-Lighthouse"
66.249.82.169 - - [23/Dec/2024:18:38:25 +0700] "GET /images/slider1.jpg HTTP/1.1" 200 83969 "https://epasien.rshajikamino.com/css/tooplate-style.css" "Mozilla/5.0 (Linux; Android 7.0; Moto G (4)) AppleWebKit/537.36 (KHTML, like Gecko) Chrome/94.0.4590.2 Mobile Safari/537.36 Chrome-Lighthouse"
66.249.82.169 - - [23/Dec/2024:18:38:25 +0700] "GET /images/about-bg.jpg HTTP/1.1" 200 121941 "https://epasien.rshajikamino.com/css/tooplate-style.css" "Mozilla/5.0 (Macintosh; Intel Mac OS X 10_15_7) AppleWebKit/537.36 (KHTML, like Gecko) Chrome/94.0.4590.2 Safari/537.36 Chrome-Lighthouse"
66.249.82.169 - - [23/Dec/2024:18:38:25 +0700] "GET /images/slider2.jpg HTTP/1.1" 200 101358 "https://epasien.rshajikamino.com/css/tooplate-style.css" "Mozilla/5.0 (Macintosh; Intel Mac OS X 10_15_7) AppleWebKit/537.36 (KHTML, like Gecko) Chrome/94.0.4590.2 Safari/537.36 Chrome-Lighthouse"
66.249.82.167 - - [23/Dec/2024:18:38:25 +0700] "GET /images/slider3.jpg HTTP/1.1" 200 151979 "https://epasien.rshajikamino.com/css/tooplate-style.css" "Mozilla/5.0 (Linux; Android 7.0; Moto G (4)) AppleWebKit/537.36 (KHTML, like Gecko) Chrome/94.0.4590.2 Mobile Safari/537.36 Chrome-Lighthouse"
66.249.82.168 - - [23/Dec/2024:18:38:30 +0700] "GET / HTTP/1.1" 200 29905 "-" "Mozilla/5.0 (Linux; Android 7.0; Moto G (4)) AppleWebKit/537.36 (KHTML, like Gecko) Chrome/94.0.4590.2 Mobile Safari/537.36 Chrome-Lighthouse"
66.249.82.169 - - [23/Dec/2024:18:38:30 +0700] "GET / HTTP/1.1" 200 29905 "-" "Mozilla/5.0 (Macintosh; Intel Mac OS X 10_15_7) AppleWebKit/537.36 (KHTML, like Gecko) Chrome/94.0.4590.2 Safari/537.36 Chrome-Lighthouse"
66.249.82.168 - - [23/Dec/2024:18:38:35 +0700] "GET /robots.txt HTTP/1.1" 404 208 "http://ghost-rider/" "Mozilla/5.0 (Macintosh; Intel Mac OS X 10_15_7) AppleWebKit/537.36 (KHTML, like Gecko) Chrome/94.0.4590.2 Safari/537.36 Chrome-Lighthouse"
66.249.82.167 - - [23/Dec/2024:18:38:36 +0700] "GET /robots.txt HTTP/1.1" 404 208 "http://ghost-rider/" "Mozilla/5.0 (Linux; Android 7.0; Moto G (4)) AppleWebKit/537.36 (KHTML, like Gecko) Chrome/94.0.4590.2 Mobile Safari/537.36 Chrome-Lighthouse"
66.249.87.230 - - [23/Dec/2024:18:41:01 +0700] "GET /.well-known/assetlinks.json HTTP/1.1" 404 225 "-" "Mozilla/5.0 (Windows NT 10.0; Win64; x64)AppleWebKit/537.36 (KHTML, like Gecko) Chrome/91.0.4472.101 Safari/537.36"
35.195.140.86 - - [23/Dec/2024:19:00:56 +0700] "GET / HTTP/1.1" 200 29905 "-" "python-requests/2.32.3"
66.249.82.172 - - [23/Dec/2024:19:04:26 +0700] "GET / HTTP/1.1" 200 29905 "-" "Mozilla/5.0 (Linux; Android 7.0; Moto G (4)) AppleWebKit/537.36 (KHTML, like Gecko) Chrome/94.0.4590.2 Mobile Safari/537.36 Chrome-Lighthouse"
66.249.82.173 - - [23/Dec/2024:19:04:30 +0700] "GET / HTTP/1.1" 200 29905 "-" "Mozilla/5.0 (Macintosh; Intel Mac OS X 10_15_7) AppleWebKit/537.36 (KHTML, like Gecko) Chrome/94.0.4590.2 Safari/537.36 Chrome-Lighthouse"
66.249.82.168 - - [23/Dec/2024:19:04:36 +0700] "GET / HTTP/1.1" 200 29905 "-" "Mozilla/5.0 (Linux; Android 7.0; Moto G (4)) AppleWebKit/537.36 (KHTML, like Gecko) Chrome/94.0.4590.2 Mobile Safari/537.36 Chrome-Lighthouse"
66.249.82.168 - - [23/Dec/2024:19:04:38 +0700] "GET /js/jquery.sticky.js HTTP/1.1" 200 7523 "https://epasien.rshajikamino.com/" "Mozilla/5.0 (Linux; Android 7.0; Moto G (4)) AppleWebKit/537.36 (KHTML, like Gecko) Chrome/94.0.4590.2 Mobile Safari/537.36 Chrome-Lighthouse"
66.249.82.169 - - [23/Dec/2024:19:04:36 +0700] "GET / HTTP/1.1" 200 29905 "-" "Mozilla/5.0 (Macintosh; Intel Mac OS X 10_15_7) AppleWebKit/537.36 (KHTML, like Gecko) Chrome/94.0.4590.2 Safari/537.36 Chrome-Lighthouse"
66.249.82.169 - - [23/Dec/2024:19:04:39 +0700] "GET /images/author-image.jpg HTTP/1.1" 200 2543 "https://epasien.rshajikamino.com/" "Mozilla/5.0 (Linux; Android 7.0; Moto G (4)) AppleWebKit/537.36 (KHTML, like Gecko) Chrome/94.0.4590.2 Mobile Safari/537.36 Chrome-Lighthouse"
66.249.82.169 - - [23/Dec/2024:19:04:39 +0700] "GET /js/smoothscroll.js HTTP/1.1" 200 4507 "https://epasien.rshajikamino.com/" "Mozilla/5.0 (Linux; Android 7.0; Moto G (4)) AppleWebKit/537.36 (KHTML, like Gecko) Chrome/94.0.4590.2 Mobile Safari/537.36 Chrome-Lighthouse"
66.249.82.169 - - [23/Dec/2024:19:04:39 +0700] "GET /js/wow.min.js HTTP/1.1" 200 7083 "https://epasien.rshajikamino.com/" "Mozilla/5.0 (Linux; Android 7.0; Moto G (4)) AppleWebKit/537.36 (KHTML, like Gecko) Chrome/94.0.4590.2 Mobile Safari/537.36 Chrome-Lighthouse"
66.249.82.167 - - [23/Dec/2024:19:04:39 +0700] "GET /js/jquery.stellar.min.js HTTP/1.1" 200 12598 "https://epasien.rshajikamino.com/" "Mozilla/5.0 (Linux; Android 7.0; Moto G (4)) AppleWebKit/537.36 (KHTML, like Gecko) Chrome/94.0.4590.2 Mobile Safari/537.36 Chrome-Lighthouse"
66.249.82.167 - - [23/Dec/2024:19:04:39 +0700] "GET /conf/validator.js HTTP/1.1" 200 24087 "https://epasien.rshajikamino.com/" "Mozilla/5.0 (Linux; Android 7.0; Moto G (4)) AppleWebKit/537.36 (KHTML, like Gecko) Chrome/94.0.4590.2 Mobile Safari/537.36 Chrome-Lighthouse"
66.249.82.169 - - [23/Dec/2024:19:04:39 +0700] "GET /js/bootstrap.min.js HTTP/1.1" 200 36874 "https://epasien.rshajikamino.com/" "Mozilla/5.0 (Linux; Android 7.0; Moto G (4)) AppleWebKit/537.36 (KHTML, like Gecko) Chrome/94.0.4590.2 Mobile Safari/537.36 Chrome-Lighthouse"
66.249.82.169 - - [23/Dec/2024:19:04:38 +0700] "GET /images/appointment-image.jpg HTTP/1.1" 200 110548 "https://epasien.rshajikamino.com/" "Mozilla/5.0 (Linux; Android 7.0; Moto G (4)) AppleWebKit/537.36 (KHTML, like Gecko) Chrome/94.0.4590.2 Mobile Safari/537.36 Chrome-Lighthouse"
66.249.82.167 - - [23/Dec/2024:19:04:39 +0700] "GET /css/bootstrap.min.css HTTP/1.1" 200 121265 "https://epasien.rshajikamino.com/" "Mozilla/5.0 (Linux; Android 7.0; Moto G (4)) AppleWebKit/537.36 (KHTML, like Gecko) Chrome/94.0.4590.2 Mobile Safari/537.36 Chrome-Lighthouse"
66.249.82.169 - - [23/Dec/2024:19:04:43 +0700] "GET /css/owl.carousel.css HTTP/1.1" 200 4198 "https://epasien.rshajikamino.com/" "Mozilla/5.0 (Linux; Android 7.0; Moto G (4)) AppleWebKit/537.36 (KHTML, like Gecko) Chrome/94.0.4590.2 Mobile Safari/537.36 Chrome-Lighthouse"
66.249.82.168 - - [23/Dec/2024:19:04:43 +0700] "GET /js/owl.carousel.min.js HTTP/1.1" 200 42772 "https://epasien.rshajikamino.com/" "Mozilla/5.0 (Linux; Android 7.0; Moto G (4)) AppleWebKit/537.36 (KHTML, like Gecko) Chrome/94.0.4590.2 Mobile Safari/537.36 Chrome-Lighthouse"
66.249.82.167 - - [23/Dec/2024:19:04:43 +0700] "GET /css/tooplate-style.css HTTP/1.1" 200 19181 "https://epasien.rshajikamino.com/" "Mozilla/5.0 (Linux; Android 7.0; Moto G (4)) AppleWebKit/537.36 (KHTML, like Gecko) Chrome/94.0.4590.2 Mobile Safari/537.36 Chrome-Lighthouse"
66.249.82.168 - - [23/Dec/2024:19:04:43 +0700] "GET /css/animate.css HTTP/1.1" 200 76080 "https://epasien.rshajikamino.com/" "Mozilla/5.0 (Linux; Android 7.0; Moto G (4)) AppleWebKit/537.36 (KHTML, like Gecko) Chrome/94.0.4590.2 Mobile Safari/537.36 Chrome-Lighthouse"
66.249.82.168 - - [23/Dec/2024:19:04:43 +0700] "GET /css/owl.theme.default.min.css HTTP/1.1" 200 941 "https://epasien.rshajikamino.com/" "Mozilla/5.0 (Linux; Android 7.0; Moto G (4)) AppleWebKit/537.36 (KHTML, like Gecko) Chrome/94.0.4590.2 Mobile Safari/537.36 Chrome-Lighthouse"
66.249.82.168 - - [23/Dec/2024:19:04:43 +0700] "GET /images/pages/pegawai/photo/drkalis.jpeg HTTP/1.1" 200 20387 "https://epasien.rshajikamino.com/" "Mozilla/5.0 (Linux; Android 7.0; Moto G (4)) AppleWebKit/537.36 (KHTML, like Gecko) Chrome/94.0.4590.2 Mobile Safari/537.36 Chrome-Lighthouse"
66.249.82.168 - - [23/Dec/2024:19:04:43 +0700] "GET /js/jquery.js HTTP/1.1" 200 85661 "https://epasien.rshajikamino.com/" "Mozilla/5.0 (Linux; Android 7.0; Moto G (4)) AppleWebKit/537.36 (KHTML, like Gecko) Chrome/94.0.4590.2 Mobile Safari/537.36 Chrome-Lighthouse"
66.249.82.167 - - [23/Dec/2024:19:04:43 +0700] "GET /css/font-awesome.min.css HTTP/1.1" 200 31004 "https://epasien.rshajikamino.com/" "Mozilla/5.0 (Linux; Android 7.0; Moto G (4)) AppleWebKit/537.36 (KHTML, like Gecko) Chrome/94.0.4590.2 Mobile Safari/537.36 Chrome-Lighthouse"
66.249.82.167 - - [23/Dec/2024:19:04:43 +0700] "GET /js/custom.js HTTP/1.1" 200 938 "https://epasien.rshajikamino.com/" "Mozilla/5.0 (Linux; Android 7.0; Moto G (4)) AppleWebKit/537.36 (KHTML, like Gecko) Chrome/94.0.4590.2 Mobile Safari/537.36 Chrome-Lighthouse"
66.249.82.168 - - [23/Dec/2024:19:04:43 +0700] "GET /js/jquery.stellar.min.js HTTP/1.1" 200 12598 "https://epasien.rshajikamino.com/" "Mozilla/5.0 (Macintosh; Intel Mac OS X 10_15_7) AppleWebKit/537.36 (KHTML, like Gecko) Chrome/94.0.4590.2 Safari/537.36 Chrome-Lighthouse"
66.249.82.168 - - [23/Dec/2024:19:04:43 +0700] "GET /css/bootstrap.min.css HTTP/1.1" 200 121265 "https://epasien.rshajikamino.com/" "Mozilla/5.0 (Macintosh; Intel Mac OS X 10_15_7) AppleWebKit/537.36 (KHTML, like Gecko) Chrome/94.0.4590.2 Safari/537.36 Chrome-Lighthouse"
66.249.82.167 - - [23/Dec/2024:19:04:43 +0700] "GET /css/owl.carousel.css HTTP/1.1" 200 4198 "https://epasien.rshajikamino.com/" "Mozilla/5.0 (Macintosh; Intel Mac OS X 10_15_7) AppleWebKit/537.36 (KHTML, like Gecko) Chrome/94.0.4590.2 Safari/537.36 Chrome-Lighthouse"
66.249.82.168 - - [23/Dec/2024:19:04:43 +0700] "GET /js/owl.carousel.min.js HTTP/1.1" 200 42772 "https://epasien.rshajikamino.com/" "Mozilla/5.0 (Macintosh; Intel Mac OS X 10_15_7) AppleWebKit/537.36 (KHTML, like Gecko) Chrome/94.0.4590.2 Safari/537.36 Chrome-Lighthouse"
66.249.82.167 - - [23/Dec/2024:19:04:43 +0700] "GET /js/jquery.js HTTP/1.1" 200 85661 "https://epasien.rshajikamino.com/" "Mozilla/5.0 (Macintosh; Intel Mac OS X 10_15_7) AppleWebKit/537.36 (KHTML, like Gecko) Chrome/94.0.4590.2 Safari/537.36 Chrome-Lighthouse"
66.249.82.167 - - [23/Dec/2024:19:04:43 +0700] "GET /js/custom.js HTTP/1.1" 200 938 "https://epasien.rshajikamino.com/" "Mozilla/5.0 (Macintosh; Intel Mac OS X 10_15_7) AppleWebKit/537.36 (KHTML, like Gecko) Chrome/94.0.4590.2 Safari/537.36 Chrome-Lighthouse"
66.249.82.168 - - [23/Dec/2024:19:04:43 +0700] "GET /css/tooplate.css HTTP/1.1" 200 3264 "https://epasien.rshajikamino.com/css/tooplate-style.css" "Mozilla/5.0 (Linux; Android 7.0; Moto G (4)) AppleWebKit/537.36 (KHTML, like Gecko) Chrome/94.0.4590.2 Mobile Safari/537.36 Chrome-Lighthouse"
66.249.82.167 - - [23/Dec/2024:19:04:43 +0700] "GET /js/wow.min.js HTTP/1.1" 200 7083 "https://epasien.rshajikamino.com/" "Mozilla/5.0 (Macintosh; Intel Mac OS X 10_15_7) AppleWebKit/537.36 (KHTML, like Gecko) Chrome/94.0.4590.2 Safari/537.36 Chrome-Lighthouse"
66.249.82.168 - - [23/Dec/2024:19:04:43 +0700] "GET /images/author-image.jpg HTTP/1.1" 200 2543 "https://epasien.rshajikamino.com/" "Mozilla/5.0 (Macintosh; Intel Mac OS X 10_15_7) AppleWebKit/537.36 (KHTML, like Gecko) Chrome/94.0.4590.2 Safari/537.36 Chrome-Lighthouse"
66.249.82.169 - - [23/Dec/2024:19:04:43 +0700] "GET /js/bootstrap.min.js HTTP/1.1" 200 36874 "https://epasien.rshajikamino.com/" "Mozilla/5.0 (Macintosh; Intel Mac OS X 10_15_7) AppleWebKit/537.36 (KHTML, like Gecko) Chrome/94.0.4590.2 Safari/537.36 Chrome-Lighthouse"
66.249.82.167 - - [23/Dec/2024:19:04:43 +0700] "GET /js/smoothscroll.js HTTP/1.1" 200 4507 "https://epasien.rshajikamino.com/" "Mozilla/5.0 (Macintosh; Intel Mac OS X 10_15_7) AppleWebKit/537.36 (KHTML, like Gecko) Chrome/94.0.4590.2 Safari/537.36 Chrome-Lighthouse"
66.249.82.168 - - [23/Dec/2024:19:04:43 +0700] "GET /images/pages/pegawai/photo/ HTTP/1.1" 200 430 "https://epasien.rshajikamino.com/" "Mozilla/5.0 (Linux; Android 7.0; Moto G (4)) AppleWebKit/537.36 (KHTML, like Gecko) Chrome/94.0.4590.2 Mobile Safari/537.36 Chrome-Lighthouse"
66.249.82.169 - - [23/Dec/2024:19:04:43 +0700] "GET /css/owl.theme.default.min.css HTTP/1.1" 200 941 "https://epasien.rshajikamino.com/" "Mozilla/5.0 (Macintosh; Intel Mac OS X 10_15_7) AppleWebKit/537.36 (KHTML, like Gecko) Chrome/94.0.4590.2 Safari/537.36 Chrome-Lighthouse"
66.249.82.167 - - [23/Dec/2024:19:04:43 +0700] "GET /css/font-awesome.min.css HTTP/1.1" 200 31004 "https://epasien.rshajikamino.com/" "Mozilla/5.0 (Macintosh; Intel Mac OS X 10_15_7) AppleWebKit/537.36 (KHTML, like Gecko) Chrome/94.0.4590.2 Safari/537.36 Chrome-Lighthouse"
66.249.82.169 - - [23/Dec/2024:19:04:43 +0700] "GET /css/animate.css HTTP/1.1" 200 76080 "https://epasien.rshajikamino.com/" "Mozilla/5.0 (Macintosh; Intel Mac OS X 10_15_7) AppleWebKit/537.36 (KHTML, like Gecko) Chrome/94.0.4590.2 Safari/537.36 Chrome-Lighthouse"
66.249.82.169 - - [23/Dec/2024:19:04:43 +0700] "GET /images/pages/pegawai/photo/drkalis.jpeg HTTP/1.1" 200 20387 "https://epasien.rshajikamino.com/" "Mozilla/5.0 (Macintosh; Intel Mac OS X 10_15_7) AppleWebKit/537.36 (KHTML, like Gecko) Chrome/94.0.4590.2 Safari/537.36 Chrome-Lighthouse"
66.249.82.167 - - [23/Dec/2024:19:04:43 +0700] "GET /css/tooplate-style.css HTTP/1.1" 200 19181 "https://epasien.rshajikamino.com/" "Mozilla/5.0 (Macintosh; Intel Mac OS X 10_15_7) AppleWebKit/537.36 (KHTML, like Gecko) Chrome/94.0.4590.2 Safari/537.36 Chrome-Lighthouse"
66.249.82.168 - - [23/Dec/2024:19:04:43 +0700] "GET /conf/validator.js HTTP/1.1" 200 24087 "https://epasien.rshajikamino.com/" "Mozilla/5.0 (Macintosh; Intel Mac OS X 10_15_7) AppleWebKit/537.36 (KHTML, like Gecko) Chrome/94.0.4590.2 Safari/537.36 Chrome-Lighthouse"
66.249.82.168 - - [23/Dec/2024:19:04:43 +0700] "GET /css/pxiEyp8kv8JHgFVrJJfecnFHGPc.woff2 HTTP/1.1" 200 7968 "https://epasien.rshajikamino.com/css/tooplate.css" "Mozilla/5.0 (Linux; Android 7.0; Moto G (4)) AppleWebKit/537.36 (KHTML, like Gecko) Chrome/94.0.4590.2 Mobile Safari/537.36 Chrome-Lighthouse"
66.249.82.167 - - [23/Dec/2024:19:04:43 +0700] "GET /images/appointment-image.jpg HTTP/1.1" 200 110548 "https://epasien.rshajikamino.com/" "Mozilla/5.0 (Macintosh; Intel Mac OS X 10_15_7) AppleWebKit/537.36 (KHTML, like Gecko) Chrome/94.0.4590.2 Safari/537.36 Chrome-Lighthouse"
66.249.82.168 - - [23/Dec/2024:19:04:43 +0700] "GET /images/about-bg.jpg HTTP/1.1" 200 121941 "https://epasien.rshajikamino.com/css/tooplate-style.css" "Mozilla/5.0 (Linux; Android 7.0; Moto G (4)) AppleWebKit/537.36 (KHTML, like Gecko) Chrome/94.0.4590.2 Mobile Safari/537.36 Chrome-Lighthouse"
66.249.82.167 - - [23/Dec/2024:19:04:44 +0700] "GET /css/tooplate.css HTTP/1.1" 200 3264 "https://epasien.rshajikamino.com/css/tooplate-style.css" "Mozilla/5.0 (Macintosh; Intel Mac OS X 10_15_7) AppleWebKit/537.36 (KHTML, like Gecko) Chrome/94.0.4590.2 Safari/537.36 Chrome-Lighthouse"
66.249.82.167 - - [23/Dec/2024:19:04:44 +0700] "GET /css/pxiByp8kv8JHgFVrLGT9Z1xlFd2JQEk.woff2 HTTP/1.1" 200 7960 "https://epasien.rshajikamino.com/css/tooplate.css" "Mozilla/5.0 (Linux; Android 7.0; Moto G (4)) AppleWebKit/537.36 (KHTML, like Gecko) Chrome/94.0.4590.2 Mobile Safari/537.36 Chrome-Lighthouse"
66.249.82.168 - - [23/Dec/2024:19:04:44 +0700] "GET /css/pxiByp8kv8JHgFVrLEj6Z1xlFd2JQEk.woff2 HTTP/1.1" 200 7836 "https://epasien.rshajikamino.com/css/tooplate.css" "Mozilla/5.0 (Linux; Android 7.0; Moto G (4)) AppleWebKit/537.36 (KHTML, like Gecko) Chrome/94.0.4590.2 Mobile Safari/537.36 Chrome-Lighthouse"
66.249.82.169 - - [23/Dec/2024:19:04:44 +0700] "GET /fonts/fontawesome-webfont.woff2?v=4.7.0 HTTP/1.1" 200 77160 "https://epasien.rshajikamino.com/css/font-awesome.min.css" "Mozilla/5.0 (Linux; Android 7.0; Moto G (4)) AppleWebKit/537.36 (KHTML, like Gecko) Chrome/94.0.4590.2 Mobile Safari/537.36 Chrome-Lighthouse"
66.249.82.169 - - [23/Dec/2024:19:04:44 +0700] "GET /js/jquery.sticky.js HTTP/1.1" 200 7523 "https://epasien.rshajikamino.com/" "Mozilla/5.0 (Macintosh; Intel Mac OS X 10_15_7) AppleWebKit/537.36 (KHTML, like Gecko) Chrome/94.0.4590.2 Safari/537.36 Chrome-Lighthouse"
66.249.82.168 - - [23/Dec/2024:19:04:44 +0700] "GET /images/slider3.jpg HTTP/1.1" 200 151979 "https://epasien.rshajikamino.com/css/tooplate-style.css" "Mozilla/5.0 (Linux; Android 7.0; Moto G (4)) AppleWebKit/537.36 (KHTML, like Gecko) Chrome/94.0.4590.2 Mobile Safari/537.36 Chrome-Lighthouse"
66.249.82.169 - - [23/Dec/2024:19:04:44 +0700] "GET /images/slider1.jpg HTTP/1.1" 200 83969 "https://epasien.rshajikamino.com/css/tooplate-style.css" "Mozilla/5.0 (Linux; Android 7.0; Moto G (4)) AppleWebKit/537.36 (KHTML, like Gecko) Chrome/94.0.4590.2 Mobile Safari/537.36 Chrome-Lighthouse"
66.249.82.169 - - [23/Dec/2024:19:04:44 +0700] "GET /fonts/fontawesome-webfont.woff2?v=4.7.0 HTTP/1.1" 200 77160 "https://epasien.rshajikamino.com/css/font-awesome.min.css" "Mozilla/5.0 (Macintosh; Intel Mac OS X 10_15_7) AppleWebKit/537.36 (KHTML, like Gecko) Chrome/94.0.4590.2 Safari/537.36 Chrome-Lighthouse"
66.249.82.167 - - [23/Dec/2024:19:04:44 +0700] "GET /css/pxiEyp8kv8JHgFVrJJfecnFHGPc.woff2 HTTP/1.1" 200 7968 "https://epasien.rshajikamino.com/css/tooplate.css" "Mozilla/5.0 (Macintosh; Intel Mac OS X 10_15_7) AppleWebKit/537.36 (KHTML, like Gecko) Chrome/94.0.4590.2 Safari/537.36 Chrome-Lighthouse"
66.249.82.168 - - [23/Dec/2024:19:04:43 +0700] "GET /images/pages/pegawai/photo/ HTTP/1.1" 200 430 "https://epasien.rshajikamino.com/" "Mozilla/5.0 (Macintosh; Intel Mac OS X 10_15_7) AppleWebKit/537.36 (KHTML, like Gecko) Chrome/94.0.4590.2 Safari/537.36 Chrome-Lighthouse"
66.249.82.169 - - [23/Dec/2024:19:04:44 +0700] "GET /images/slider2.jpg HTTP/1.1" 200 101358 "https://epasien.rshajikamino.com/css/tooplate-style.css" "Mozilla/5.0 (Linux; Android 7.0; Moto G (4)) AppleWebKit/537.36 (KHTML, like Gecko) Chrome/94.0.4590.2 Mobile Safari/537.36 Chrome-Lighthouse"
66.249.82.167 - - [23/Dec/2024:19:04:44 +0700] "GET /css/pxiByp8kv8JHgFVrLEj6Z1xlFd2JQEk.woff2 HTTP/1.1" 200 7836 "https://epasien.rshajikamino.com/css/tooplate.css" "Mozilla/5.0 (Macintosh; Intel Mac OS X 10_15_7) AppleWebKit/537.36 (KHTML, like Gecko) Chrome/94.0.4590.2 Safari/537.36 Chrome-Lighthouse"
66.249.82.169 - - [23/Dec/2024:19:04:44 +0700] "GET /css/pxiByp8kv8JHgFVrLGT9Z1xlFd2JQEk.woff2 HTTP/1.1" 200 7960 "https://epasien.rshajikamino.com/css/tooplate.css" "Mozilla/5.0 (Macintosh; Intel Mac OS X 10_15_7) AppleWebKit/537.36 (KHTML, like Gecko) Chrome/94.0.4590.2 Safari/537.36 Chrome-Lighthouse"
66.249.82.167 - - [23/Dec/2024:19:04:44 +0700] "GET /images/about-bg.jpg HTTP/1.1" 200 121941 "https://epasien.rshajikamino.com/css/tooplate-style.css" "Mozilla/5.0 (Macintosh; Intel Mac OS X 10_15_7) AppleWebKit/537.36 (KHTML, like Gecko) Chrome/94.0.4590.2 Safari/537.36 Chrome-Lighthouse"
66.249.82.167 - - [23/Dec/2024:19:04:44 +0700] "GET /images/slider3.jpg HTTP/1.1" 200 151979 "https://epasien.rshajikamino.com/css/tooplate-style.css" "Mozilla/5.0 (Macintosh; Intel Mac OS X 10_15_7) AppleWebKit/537.36 (KHTML, like Gecko) Chrome/94.0.4590.2 Safari/537.36 Chrome-Lighthouse"
66.249.82.167 - - [23/Dec/2024:19:04:44 +0700] "GET /images/slider1.jpg HTTP/1.1" 200 83969 "https://epasien.rshajikamino.com/css/tooplate-style.css" "Mozilla/5.0 (Macintosh; Intel Mac OS X 10_15_7) AppleWebKit/537.36 (KHTML, like Gecko) Chrome/94.0.4590.2 Safari/537.36 Chrome-Lighthouse"
66.249.82.169 - - [23/Dec/2024:19:04:44 +0700] "GET /images/slider2.jpg HTTP/1.1" 200 101358 "https://epasien.rshajikamino.com/css/tooplate-style.css" "Mozilla/5.0 (Macintosh; Intel Mac OS X 10_15_7) AppleWebKit/537.36 (KHTML, like Gecko) Chrome/94.0.4590.2 Safari/537.36 Chrome-Lighthouse"
66.249.82.169 - - [23/Dec/2024:19:04:49 +0700] "GET / HTTP/1.1" 200 29905 "-" "Mozilla/5.0 (Linux; Android 7.0; Moto G (4)) AppleWebKit/537.36 (KHTML, like Gecko) Chrome/94.0.4590.2 Mobile Safari/537.36 Chrome-Lighthouse"
66.249.82.169 - - [23/Dec/2024:19:04:50 +0700] "GET / HTTP/1.1" 200 29905 "-" "Mozilla/5.0 (Macintosh; Intel Mac OS X 10_15_7) AppleWebKit/537.36 (KHTML, like Gecko) Chrome/94.0.4590.2 Safari/537.36 Chrome-Lighthouse"
66.249.82.169 - - [23/Dec/2024:19:04:53 +0700] "GET /robots.txt HTTP/1.1" 404 208 "http://ghost-rider/" "Mozilla/5.0 (Linux; Android 7.0; Moto G (4)) AppleWebKit/537.36 (KHTML, like Gecko) Chrome/94.0.4590.2 Mobile Safari/537.36 Chrome-Lighthouse"
66.249.82.168 - - [23/Dec/2024:19:04:55 +0700] "GET /robots.txt HTTP/1.1" 404 208 "http://ghost-rider/" "Mozilla/5.0 (Macintosh; Intel Mac OS X 10_15_7) AppleWebKit/537.36 (KHTML, like Gecko) Chrome/94.0.4590.2 Safari/537.36 Chrome-Lighthouse"
