110.137.38.174 - - [23/Dec/2024:19:57:36 +0700] "GET /images/slider2.jpg HTTP/1.1" 200 59932 "https://epasien.rshajikamino.com/" "Mozilla/5.0 (iPhone; CPU iPhone OS 18_1_1 like Mac OS X) AppleWebKit/605.1.15 (KHTML, like Gecko) Version/18.1.1 Mobile/15E148 Safari/604.1"
110.137.38.174 - - [23/Dec/2024:19:57:36 +0700] "GET /images/slider3.jpg HTTP/1.1" 200 88184 "https://epasien.rshajikamino.com/" "Mozilla/5.0 (iPhone; CPU iPhone OS 18_1_1 like Mac OS X) AppleWebKit/605.1.15 (KHTML, like Gecko) Version/18.1.1 Mobile/15E148 Safari/604.1"
110.137.38.174 - - [23/Dec/2024:19:57:37 +0700] "GET /favicon.ico HTTP/1.1" 404 209 "https://epasien.rshajikamino.com/" "Mozilla/5.0 (iPhone; CPU iPhone OS 18_1_1 like Mac OS X) AppleWebKit/605.1.15 (KHTML, like Gecko) Version/18.1.1 Mobile/15E148 Safari/604.1"
110.137.38.174 - - [23/Dec/2024:19:57:52 +0700] "GET /index.php?act=LoginPasien HTTP/1.1" 200 12985 "https://epasien.rshajikamino.com/" "Mozilla/5.0 (iPhone; CPU iPhone OS 18_1_1 like Mac OS X) AppleWebKit/605.1.15 (KHTML, like Gecko) Version/18.1.1 Mobile/15E148 Safari/604.1"
110.137.38.174 - - [23/Dec/2024:19:57:52 +0700] "GET /capca.css HTTP/1.1" 404 207 "https://epasien.rshajikamino.com/index.php?act=LoginPasien" "Mozilla/5.0 (iPhone; CPU iPhone OS 18_1_1 like Mac OS X) AppleWebKit/605.1.15 (KHTML, like Gecko) Version/18.1.1 Mobile/15E148 Safari/604.1"
110.137.38.174 - - [23/Dec/2024:19:57:52 +0700] "GET /pages/captcha.php HTTP/1.1" 200 672 "https://epasien.rshajikamino.com/index.php?act=LoginPasien" "Mozilla/5.0 (iPhone; CPU iPhone OS 18_1_1 like Mac OS X) AppleWebKit/605.1.15 (KHTML, like Gecko) Version/18.1.1 Mobile/15E148 Safari/604.1"
110.137.38.174 - - [23/Dec/2024:19:57:55 +0700] "GET / HTTP/1.1" 200 29909 "-" "Mozilla/5.0 (iPhone; CPU iPhone OS 18_1_1 like Mac OS X) AppleWebKit/605.1.15 (KHTML, like Gecko) Version/18.1.1 Mobile/15E148 Safari/604.1"
110.137.38.174 - - [23/Dec/2024:19:57:55 +0700] "GET /images/pages/pegawai/photo/ HTTP/1.1" 200 430 "https://epasien.rshajikamino.com/" "Mozilla/5.0 (iPhone; CPU iPhone OS 18_1_1 like Mac OS X) AppleWebKit/605.1.15 (KHTML, like Gecko) Version/18.1.1 Mobile/15E148 Safari/604.1"
110.137.38.174 - - [23/Dec/2024:20:02:50 +0700] "GET / HTTP/1.1" 200 29940 "-" "Mozilla/5.0 (iPhone; CPU iPhone OS 18_1_1 like Mac OS X) AppleWebKit/605.1.15 (KHTML, like Gecko) Version/18.1.1 Mobile/15E148 Safari/604.1"
110.137.38.174 - - [23/Dec/2024:20:02:51 +0700] "GET /images/pages/pegawai/photo/ HTTP/1.1" 200 430 "https://epasien.rshajikamino.com/" "Mozilla/5.0 (iPhone; CPU iPhone OS 18_1_1 like Mac OS X) AppleWebKit/605.1.15 (KHTML, like Gecko) Version/18.1.1 Mobile/15E148 Safari/604.1"
110.137.38.174 - - [23/Dec/2024:20:02:51 +0700] "GET /images/slider1.jpg HTTP/1.1" 304 - "https://epasien.rshajikamino.com/" "Mozilla/5.0 (iPhone; CPU iPhone OS 18_1_1 like Mac OS X) AppleWebKit/605.1.15 (KHTML, like Gecko) Version/18.1.1 Mobile/15E148 Safari/604.1"
110.137.38.174 - - [23/Dec/2024:20:02:51 +0700] "GET /images/appointment-image.jpg HTTP/1.1" 304 - "https://epasien.rshajikamino.com/" "Mozilla/5.0 (iPhone; CPU iPhone OS 18_1_1 like Mac OS X) AppleWebKit/605.1.15 (KHTML, like Gecko) Version/18.1.1 Mobile/15E148 Safari/604.1"
110.137.38.174 - - [23/Dec/2024:20:02:51 +0700] "GET /images/about-bg.jpg HTTP/1.1" 304 - "https://epasien.rshajikamino.com/" "Mozilla/5.0 (iPhone; CPU iPhone OS 18_1_1 like Mac OS X) AppleWebKit/605.1.15 (KHTML, like Gecko) Version/18.1.1 Mobile/15E148 Safari/604.1"
110.137.38.174 - - [23/Dec/2024:20:02:51 +0700] "GET /images/slider2.jpg HTTP/1.1" 304 - "https://epasien.rshajikamino.com/" "Mozilla/5.0 (iPhone; CPU iPhone OS 18_1_1 like Mac OS X) AppleWebKit/605.1.15 (KHTML, like Gecko) Version/18.1.1 Mobile/15E148 Safari/604.1"
110.137.38.174 - - [23/Dec/2024:20:02:51 +0700] "GET /images/slider3.jpg HTTP/1.1" 304 - "https://epasien.rshajikamino.com/" "Mozilla/5.0 (iPhone; CPU iPhone OS 18_1_1 like Mac OS X) AppleWebKit/605.1.15 (KHTML, like Gecko) Version/18.1.1 Mobile/15E148 Safari/604.1"
182.3.100.112 - - [23/Dec/2024:20:03:58 +0700] "GET / HTTP/1.1" 200 29940 "-" "Mozilla/5.0 (Linux; Android 10; K) AppleWebKit/537.36 (KHTML, like Gecko) Chrome/131.0.0.0 Mobile Safari/537.36"
110.137.38.174 - - [23/Dec/2024:20:04:50 +0700] "GET / HTTP/1.1" 200 30025 "-" "Mozilla/5.0 (iPhone; CPU iPhone OS 18_1_1 like Mac OS X) AppleWebKit/605.1.15 (KHTML, like Gecko) Version/18.1.1 Mobile/15E148 Safari/604.1"
110.137.38.174 - - [23/Dec/2024:20:04:50 +0700] "GET /images/pages/pegawai/photo/ HTTP/1.1" 200 430 "https://epasien.rshajikamino.com/" "Mozilla/5.0 (iPhone; CPU iPhone OS 18_1_1 like Mac OS X) AppleWebKit/605.1.15 (KHTML, like Gecko) Version/18.1.1 Mobile/15E148 Safari/604.1"
110.137.38.174 - - [23/Dec/2024:20:05:08 +0700] "GET / HTTP/1.1" 200 30025 "-" "Mozilla/5.0 (iPhone; CPU iPhone OS 18_1_1 like Mac OS X) AppleWebKit/605.1.15 (KHTML, like Gecko) Version/18.1.1 Mobile/15E148 Safari/604.1"
110.137.38.174 - - [23/Dec/2024:20:05:10 +0700] "GET /css/font-awesome.min.css HTTP/1.1" 200 31004 "https://epasien.rshajikamino.com/" "Mozilla/5.0 (iPhone; CPU iPhone OS 18_1_1 like Mac OS X) AppleWebKit/605.1.15 (KHTML, like Gecko) Version/18.1.1 Mobile/15E148 Safari/604.1"
110.137.38.174 - - [23/Dec/2024:20:05:10 +0700] "GET /js/jquery.js HTTP/1.1" 200 85661 "https://epasien.rshajikamino.com/" "Mozilla/5.0 (iPhone; CPU iPhone OS 18_1_1 like Mac OS X) AppleWebKit/605.1.15 (KHTML, like Gecko) Version/18.1.1 Mobile/15E148 Safari/604.1"
110.137.38.174 - - [23/Dec/2024:20:05:10 +0700] "GET /css/bootstrap.min.css HTTP/1.1" 200 121265 "https://epasien.rshajikamino.com/" "Mozilla/5.0 (iPhone; CPU iPhone OS 18_1_1 like Mac OS X) AppleWebKit/605.1.15 (KHTML, like Gecko) Version/18.1.1 Mobile/15E148 Safari/604.1"
110.137.38.174 - - [23/Dec/2024:20:05:10 +0700] "GET /css/owl.carousel.css HTTP/1.1" 200 4198 "https://epasien.rshajikamino.com/" "Mozilla/5.0 (iPhone; CPU iPhone OS 18_1_1 like Mac OS X) AppleWebKit/605.1.15 (KHTML, like Gecko) Version/18.1.1 Mobile/15E148 Safari/604.1"
110.137.38.174 - - [23/Dec/2024:20:05:10 +0700] "GET /js/bootstrap.min.js HTTP/1.1" 200 36874 "https://epasien.rshajikamino.com/" "Mozilla/5.0 (iPhone; CPU iPhone OS 18_1_1 like Mac OS X) AppleWebKit/605.1.15 (KHTML, like Gecko) Version/18.1.1 Mobile/15E148 Safari/604.1"
110.137.38.174 - - [23/Dec/2024:20:05:10 +0700] "GET /css/tooplate-style.css HTTP/1.1" 200 19181 "https://epasien.rshajikamino.com/" "Mozilla/5.0 (iPhone; CPU iPhone OS 18_1_1 like Mac OS X) AppleWebKit/605.1.15 (KHTML, like Gecko) Version/18.1.1 Mobile/15E148 Safari/604.1"
110.137.38.174 - - [23/Dec/2024:20:05:10 +0700] "GET /css/animate.css HTTP/1.1" 200 76080 "https://epasien.rshajikamino.com/" "Mozilla/5.0 (iPhone; CPU iPhone OS 18_1_1 like Mac OS X) AppleWebKit/605.1.15 (KHTML, like Gecko) Version/18.1.1 Mobile/15E148 Safari/604.1"
110.137.38.174 - - [23/Dec/2024:20:05:10 +0700] "GET /css/owl.theme.default.min.css HTTP/1.1" 200 941 "https://epasien.rshajikamino.com/" "Mozilla/5.0 (iPhone; CPU iPhone OS 18_1_1 like Mac OS X) AppleWebKit/605.1.15 (KHTML, like Gecko) Version/18.1.1 Mobile/15E148 Safari/604.1"
110.137.38.174 - - [23/Dec/2024:20:05:10 +0700] "GET /js/jquery.sticky.js HTTP/1.1" 200 7523 "https://epasien.rshajikamino.com/" "Mozilla/5.0 (iPhone; CPU iPhone OS 18_1_1 like Mac OS X) AppleWebKit/605.1.15 (KHTML, like Gecko) Version/18.1.1 Mobile/15E148 Safari/604.1"
110.137.38.174 - - [23/Dec/2024:20:05:10 +0700] "GET /js/jquery.stellar.min.js HTTP/1.1" 200 12598 "https://epasien.rshajikamino.com/" "Mozilla/5.0 (iPhone; CPU iPhone OS 18_1_1 like Mac OS X) AppleWebKit/605.1.15 (KHTML, like Gecko) Version/18.1.1 Mobile/15E148 Safari/604.1"
110.137.38.174 - - [23/Dec/2024:20:05:10 +0700] "GET /js/wow.min.js HTTP/1.1" 200 7083 "https://epasien.rshajikamino.com/" "Mozilla/5.0 (iPhone; CPU iPhone OS 18_1_1 like Mac OS X) AppleWebKit/605.1.15 (KHTML, like Gecko) Version/18.1.1 Mobile/15E148 Safari/604.1"
110.137.38.174 - - [23/Dec/2024:20:05:10 +0700] "GET /js/smoothscroll.js HTTP/1.1" 200 4507 "https://epasien.rshajikamino.com/" "Mozilla/5.0 (iPhone; CPU iPhone OS 18_1_1 like Mac OS X) AppleWebKit/605.1.15 (KHTML, like Gecko) Version/18.1.1 Mobile/15E148 Safari/604.1"
110.137.38.174 - - [23/Dec/2024:20:05:10 +0700] "GET /js/owl.carousel.min.js HTTP/1.1" 200 42772 "https://epasien.rshajikamino.com/" "Mozilla/5.0 (iPhone; CPU iPhone OS 18_1_1 like Mac OS X) AppleWebKit/605.1.15 (KHTML, like Gecko) Version/18.1.1 Mobile/15E148 Safari/604.1"
110.137.38.174 - - [23/Dec/2024:20:05:10 +0700] "GET /js/custom.js HTTP/1.1" 200 938 "https://epasien.rshajikamino.com/" "Mozilla/5.0 (iPhone; CPU iPhone OS 18_1_1 like Mac OS X) AppleWebKit/605.1.15 (KHTML, like Gecko) Version/18.1.1 Mobile/15E148 Safari/604.1"
110.137.38.174 - - [23/Dec/2024:20:05:10 +0700] "GET /conf/validator.js HTTP/1.1" 200 24087 "https://epasien.rshajikamino.com/" "Mozilla/5.0 (iPhone; CPU iPhone OS 18_1_1 like Mac OS X) AppleWebKit/605.1.15 (KHTML, like Gecko) Version/18.1.1 Mobile/15E148 Safari/604.1"
110.137.38.174 - - [23/Dec/2024:20:05:10 +0700] "GET /css/tooplate.css HTTP/1.1" 200 3264 "https://epasien.rshajikamino.com/" "Mozilla/5.0 (iPhone; CPU iPhone OS 18_1_1 like Mac OS X) AppleWebKit/605.1.15 (KHTML, like Gecko) Version/18.1.1 Mobile/15E148 Safari/604.1"
110.137.38.174 - - [23/Dec/2024:20:05:10 +0700] "GET /images/author-image.jpg HTTP/1.1" 200 2543 "https://epasien.rshajikamino.com/" "Mozilla/5.0 (iPhone; CPU iPhone OS 18_1_1 like Mac OS X) AppleWebKit/605.1.15 (KHTML, like Gecko) Version/18.1.1 Mobile/15E148 Safari/604.1"
110.137.38.174 - - [23/Dec/2024:20:05:10 +0700] "GET /images/pages/pegawai/photo/ HTTP/1.1" 200 430 "https://epasien.rshajikamino.com/" "Mozilla/5.0 (iPhone; CPU iPhone OS 18_1_1 like Mac OS X) AppleWebKit/605.1.15 (KHTML, like Gecko) Version/18.1.1 Mobile/15E148 Safari/604.1"
110.137.38.174 - - [23/Dec/2024:20:05:10 +0700] "GET /images/pages/pegawai/photo/drkalis.jpeg HTTP/1.1" 200 20387 "https://epasien.rshajikamino.com/" "Mozilla/5.0 (iPhone; CPU iPhone OS 18_1_1 like Mac OS X) AppleWebKit/605.1.15 (KHTML, like Gecko) Version/18.1.1 Mobile/15E148 Safari/604.1"
110.137.38.174 - - [23/Dec/2024:20:05:10 +0700] "GET /images/appointment-image.jpg HTTP/1.1" 200 63477 "https://epasien.rshajikamino.com/" "Mozilla/5.0 (iPhone; CPU iPhone OS 18_1_1 like Mac OS X) AppleWebKit/605.1.15 (KHTML, like Gecko) Version/18.1.1 Mobile/15E148 Safari/604.1"
110.137.38.174 - - [23/Dec/2024:20:05:10 +0700] "GET /fonts/fontawesome-webfont.woff2?v=4.7.0 HTTP/1.1" 200 77160 "https://epasien.rshajikamino.com/" "Mozilla/5.0 (iPhone; CPU iPhone OS 18_1_1 like Mac OS X) AppleWebKit/605.1.15 (KHTML, like Gecko) Version/18.1.1 Mobile/15E148 Safari/604.1"
110.137.38.174 - - [23/Dec/2024:20:05:10 +0700] "GET /css/pxiEyp8kv8JHgFVrJJfecnFHGPc.woff2 HTTP/1.1" 200 7968 "https://epasien.rshajikamino.com/" "Mozilla/5.0 (iPhone; CPU iPhone OS 18_1_1 like Mac OS X) AppleWebKit/605.1.15 (KHTML, like Gecko) Version/18.1.1 Mobile/15E148 Safari/604.1"
110.137.38.174 - - [23/Dec/2024:20:05:10 +0700] "GET /css/pxiByp8kv8JHgFVrLGT9Z1xlFd2JQEk.woff2 HTTP/1.1" 200 7960 "https://epasien.rshajikamino.com/" "Mozilla/5.0 (iPhone; CPU iPhone OS 18_1_1 like Mac OS X) AppleWebKit/605.1.15 (KHTML, like Gecko) Version/18.1.1 Mobile/15E148 Safari/604.1"
110.137.38.174 - - [23/Dec/2024:20:05:10 +0700] "GET /css/pxiByp8kv8JHgFVrLEj6Z1xlFd2JQEk.woff2 HTTP/1.1" 200 7836 "https://epasien.rshajikamino.com/" "Mozilla/5.0 (iPhone; CPU iPhone OS 18_1_1 like Mac OS X) AppleWebKit/605.1.15 (KHTML, like Gecko) Version/18.1.1 Mobile/15E148 Safari/604.1"
110.137.38.174 - - [23/Dec/2024:20:05:10 +0700] "GET /images/about-bg.jpg HTTP/1.1" 200 68729 "https://epasien.rshajikamino.com/" "Mozilla/5.0 (iPhone; CPU iPhone OS 18_1_1 like Mac OS X) AppleWebKit/605.1.15 (KHTML, like Gecko) Version/18.1.1 Mobile/15E148 Safari/604.1"
110.137.38.174 - - [23/Dec/2024:20:05:10 +0700] "GET /images/slider1.jpg HTTP/1.1" 200 47711 "https://epasien.rshajikamino.com/" "Mozilla/5.0 (iPhone; CPU iPhone OS 18_1_1 like Mac OS X) AppleWebKit/605.1.15 (KHTML, like Gecko) Version/18.1.1 Mobile/15E148 Safari/604.1"
110.137.38.174 - - [23/Dec/2024:20:05:10 +0700] "GET /images/slider2.jpg HTTP/1.1" 200 59932 "https://epasien.rshajikamino.com/" "Mozilla/5.0 (iPhone; CPU iPhone OS 18_1_1 like Mac OS X) AppleWebKit/605.1.15 (KHTML, like Gecko) Version/18.1.1 Mobile/15E148 Safari/604.1"
110.137.38.174 - - [23/Dec/2024:20:05:10 +0700] "GET /images/slider3.jpg HTTP/1.1" 200 88184 "https://epasien.rshajikamino.com/" "Mozilla/5.0 (iPhone; CPU iPhone OS 18_1_1 like Mac OS X) AppleWebKit/605.1.15 (KHTML, like Gecko) Version/18.1.1 Mobile/15E148 Safari/604.1"
182.3.100.112 - - [23/Dec/2024:20:07:11 +0700] "GET / HTTP/1.1" 200 30025 "-" "Mozilla/5.0 (Linux; Android 10; K) AppleWebKit/537.36 (KHTML, like Gecko) Chrome/131.0.0.0 Mobile Safari/537.36"
110.137.38.174 - - [23/Dec/2024:20:16:55 +0700] "GET / HTTP/1.1" 500 3331 "-" "Mozilla/5.0 (Macintosh; Intel Mac OS X 10_15_7) AppleWebKit/605.1.15 (KHTML, like Gecko) Version/18.1.1 Safari/605.1.15"
110.137.38.174 - - [23/Dec/2024:20:16:56 +0700] "GET /images/pages/pegawai/photo/ HTTP/1.1" 200 430 "https://epasien.rshajikamino.com/" "Mozilla/5.0 (Macintosh; Intel Mac OS X 10_15_7) AppleWebKit/605.1.15 (KHTML, like Gecko) Version/18.1.1 Safari/605.1.15"
110.137.38.174 - - [23/Dec/2024:20:17:12 +0700] "GET / HTTP/1.1" 200 30070 "-" "Mozilla/5.0 (Macintosh; Intel Mac OS X 10_15_7) AppleWebKit/605.1.15 (KHTML, like Gecko) Version/18.1.1 Safari/605.1.15"
110.137.38.174 - - [23/Dec/2024:20:17:12 +0700] "GET /images/pages/pegawai/photo/ HTTP/1.1" 200 430 "https://epasien.rshajikamino.com/" "Mozilla/5.0 (Macintosh; Intel Mac OS X 10_15_7) AppleWebKit/605.1.15 (KHTML, like Gecko) Version/18.1.1 Safari/605.1.15"
110.137.38.174 - - [23/Dec/2024:20:17:12 +0700] "GET /images/author-image.jpg HTTP/1.1" 304 - "https://epasien.rshajikamino.com/" "Mozilla/5.0 (Macintosh; Intel Mac OS X 10_15_7) AppleWebKit/605.1.15 (KHTML, like Gecko) Version/18.1.1 Safari/605.1.15"
110.137.38.174 - - [23/Dec/2024:20:18:33 +0700] "GET / HTTP/1.1" 200 30070 "-" "Mozilla/5.0 (Macintosh; Intel Mac OS X 10_15_7) AppleWebKit/605.1.15 (KHTML, like Gecko) Version/18.1.1 Safari/605.1.15"
110.137.38.174 - - [23/Dec/2024:20:18:34 +0700] "GET /images/pages/pegawai/photo/ HTTP/1.1" 200 430 "https://epasien.rshajikamino.com/" "Mozilla/5.0 (Macintosh; Intel Mac OS X 10_15_7) AppleWebKit/605.1.15 (KHTML, like Gecko) Version/18.1.1 Safari/605.1.15"
66.249.82.171 - - [23/Dec/2024:20:18:41 +0700] "GET / HTTP/1.1" 200 30445 "-" "Mozilla/5.0 (Linux; Android 7.0; Moto G (4)) AppleWebKit/537.36 (KHTML, like Gecko) Chrome/94.0.4590.2 Mobile Safari/537.36 Chrome-Lighthouse"
66.249.82.173 - - [23/Dec/2024:20:18:45 +0700] "GET / HTTP/1.1" 200 30445 "-" "Mozilla/5.0 (Macintosh; Intel Mac OS X 10_15_7) AppleWebKit/537.36 (KHTML, like Gecko) Chrome/94.0.4590.2 Safari/537.36 Chrome-Lighthouse"
66.249.82.169 - - [23/Dec/2024:20:18:51 +0700] "GET / HTTP/1.1" 200 30445 "-" "Mozilla/5.0 (Macintosh; Intel Mac OS X 10_15_7) AppleWebKit/537.36 (KHTML, like Gecko) Chrome/94.0.4590.2 Safari/537.36 Chrome-Lighthouse"
66.249.82.168 - - [23/Dec/2024:20:18:51 +0700] "GET / HTTP/1.1" 200 30445 "-" "Mozilla/5.0 (Linux; Android 7.0; Moto G (4)) AppleWebKit/537.36 (KHTML, like Gecko) Chrome/94.0.4590.2 Mobile Safari/537.36 Chrome-Lighthouse"
66.249.82.169 - - [23/Dec/2024:20:18:54 +0700] "GET /js/smoothscroll.js HTTP/1.1" 200 4507 "https://epasien.rshajikamino.com/" "Mozilla/5.0 (Linux; Android 7.0; Moto G (4)) AppleWebKit/537.36 (KHTML, like Gecko) Chrome/94.0.4590.2 Mobile Safari/537.36 Chrome-Lighthouse"
66.249.82.168 - - [23/Dec/2024:20:18:54 +0700] "GET /css/tooplate-style.css HTTP/1.1" 200 19181 "https://epasien.rshajikamino.com/" "Mozilla/5.0 (Macintosh; Intel Mac OS X 10_15_7) AppleWebKit/537.36 (KHTML, like Gecko) Chrome/94.0.4590.2 Safari/537.36 Chrome-Lighthouse"
66.249.82.167 - - [23/Dec/2024:20:18:54 +0700] "GET /css/owl.theme.default.min.css HTTP/1.1" 200 941 "https://epasien.rshajikamino.com/" "Mozilla/5.0 (Linux; Android 7.0; Moto G (4)) AppleWebKit/537.36 (KHTML, like Gecko) Chrome/94.0.4590.2 Mobile Safari/537.36 Chrome-Lighthouse"
66.249.82.169 - - [23/Dec/2024:20:18:54 +0700] "GET /css/animate.css HTTP/1.1" 200 76080 "https://epasien.rshajikamino.com/" "Mozilla/5.0 (Linux; Android 7.0; Moto G (4)) AppleWebKit/537.36 (KHTML, like Gecko) Chrome/94.0.4590.2 Mobile Safari/537.36 Chrome-Lighthouse"
66.249.82.167 - - [23/Dec/2024:20:18:54 +0700] "GET /js/custom.js HTTP/1.1" 200 938 "https://epasien.rshajikamino.com/" "Mozilla/5.0 (Linux; Android 7.0; Moto G (4)) AppleWebKit/537.36 (KHTML, like Gecko) Chrome/94.0.4590.2 Mobile Safari/537.36 Chrome-Lighthouse"
66.249.82.168 - - [23/Dec/2024:20:18:54 +0700] "GET /conf/validator.js HTTP/1.1" 200 24087 "https://epasien.rshajikamino.com/" "Mozilla/5.0 (Macintosh; Intel Mac OS X 10_15_7) AppleWebKit/537.36 (KHTML, like Gecko) Chrome/94.0.4590.2 Safari/537.36 Chrome-Lighthouse"
66.249.82.167 - - [23/Dec/2024:20:18:54 +0700] "GET /js/jquery.sticky.js HTTP/1.1" 200 7523 "https://epasien.rshajikamino.com/" "Mozilla/5.0 (Linux; Android 7.0; Moto G (4)) AppleWebKit/537.36 (KHTML, like Gecko) Chrome/94.0.4590.2 Mobile Safari/537.36 Chrome-Lighthouse"
66.249.82.167 - - [23/Dec/2024:20:18:54 +0700] "GET /css/owl.carousel.css HTTP/1.1" 200 4198 "https://epasien.rshajikamino.com/" "Mozilla/5.0 (Linux; Android 7.0; Moto G (4)) AppleWebKit/537.36 (KHTML, like Gecko) Chrome/94.0.4590.2 Mobile Safari/537.36 Chrome-Lighthouse"
66.249.82.169 - - [23/Dec/2024:20:18:54 +0700] "GET /css/bootstrap.min.css HTTP/1.1" 200 121265 "https://epasien.rshajikamino.com/" "Mozilla/5.0 (Macintosh; Intel Mac OS X 10_15_7) AppleWebKit/537.36 (KHTML, like Gecko) Chrome/94.0.4590.2 Safari/537.36 Chrome-Lighthouse"
66.249.82.167 - - [23/Dec/2024:20:18:54 +0700] "GET /css/bootstrap.min.css HTTP/1.1" 200 121265 "https://epasien.rshajikamino.com/" "Mozilla/5.0 (Linux; Android 7.0; Moto G (4)) AppleWebKit/537.36 (KHTML, like Gecko) Chrome/94.0.4590.2 Mobile Safari/537.36 Chrome-Lighthouse"
66.249.82.169 - - [23/Dec/2024:20:18:55 +0700] "GET /css/font-awesome.min.css HTTP/1.1" 200 31004 "https://epasien.rshajikamino.com/" "Mozilla/5.0 (Linux; Android 7.0; Moto G (4)) AppleWebKit/537.36 (KHTML, like Gecko) Chrome/94.0.4590.2 Mobile Safari/537.36 Chrome-Lighthouse"
66.249.82.167 - - [23/Dec/2024:20:18:56 +0700] "GET /images/pages/pegawai/photo/ HTTP/1.1" 200 430 "https://epasien.rshajikamino.com/" "Mozilla/5.0 (Linux; Android 7.0; Moto G (4)) AppleWebKit/537.36 (KHTML, like Gecko) Chrome/94.0.4590.2 Mobile Safari/537.36 Chrome-Lighthouse"
66.249.82.167 - - [23/Dec/2024:20:18:57 +0700] "GET /images/pages/pegawai/photo/drkalis.jpeg HTTP/1.1" 200 20387 "https://epasien.rshajikamino.com/" "Mozilla/5.0 (Linux; Android 7.0; Moto G (4)) AppleWebKit/537.36 (KHTML, like Gecko) Chrome/94.0.4590.2 Mobile Safari/537.36 Chrome-Lighthouse"
66.249.82.168 - - [23/Dec/2024:20:18:58 +0700] "GET /js/owl.carousel.min.js HTTP/1.1" 200 42772 "https://epasien.rshajikamino.com/" "Mozilla/5.0 (Macintosh; Intel Mac OS X 10_15_7) AppleWebKit/537.36 (KHTML, like Gecko) Chrome/94.0.4590.2 Safari/537.36 Chrome-Lighthouse"
66.249.82.168 - - [23/Dec/2024:20:18:58 +0700] "GET /images/author-image.jpg HTTP/1.1" 200 2543 "https://epasien.rshajikamino.com/" "Mozilla/5.0 (Macintosh; Intel Mac OS X 10_15_7) AppleWebKit/537.36 (KHTML, like Gecko) Chrome/94.0.4590.2 Safari/537.36 Chrome-Lighthouse"
66.249.82.167 - - [23/Dec/2024:20:18:59 +0700] "GET /conf/validator.js HTTP/1.1" 200 24087 "https://epasien.rshajikamino.com/" "Mozilla/5.0 (Linux; Android 7.0; Moto G (4)) AppleWebKit/537.36 (KHTML, like Gecko) Chrome/94.0.4590.2 Mobile Safari/537.36 Chrome-Lighthouse"
66.249.82.169 - - [23/Dec/2024:20:18:59 +0700] "GET /css/tooplate-style.css HTTP/1.1" 200 19181 "https://epasien.rshajikamino.com/" "Mozilla/5.0 (Linux; Android 7.0; Moto G (4)) AppleWebKit/537.36 (KHTML, like Gecko) Chrome/94.0.4590.2 Mobile Safari/537.36 Chrome-Lighthouse"
66.249.82.167 - - [23/Dec/2024:20:18:59 +0700] "GET /css/owl.carousel.css HTTP/1.1" 200 4198 "https://epasien.rshajikamino.com/" "Mozilla/5.0 (Macintosh; Intel Mac OS X 10_15_7) AppleWebKit/537.36 (KHTML, like Gecko) Chrome/94.0.4590.2 Safari/537.36 Chrome-Lighthouse"
66.249.82.167 - - [23/Dec/2024:20:18:59 +0700] "GET /js/jquery.sticky.js HTTP/1.1" 200 7523 "https://epasien.rshajikamino.com/" "Mozilla/5.0 (Macintosh; Intel Mac OS X 10_15_7) AppleWebKit/537.36 (KHTML, like Gecko) Chrome/94.0.4590.2 Safari/537.36 Chrome-Lighthouse"
66.249.82.167 - - [23/Dec/2024:20:18:59 +0700] "GET /js/custom.js HTTP/1.1" 200 938 "https://epasien.rshajikamino.com/" "Mozilla/5.0 (Macintosh; Intel Mac OS X 10_15_7) AppleWebKit/537.36 (KHTML, like Gecko) Chrome/94.0.4590.2 Safari/537.36 Chrome-Lighthouse"
66.249.82.167 - - [23/Dec/2024:20:18:59 +0700] "GET /js/owl.carousel.min.js HTTP/1.1" 200 42772 "https://epasien.rshajikamino.com/" "Mozilla/5.0 (Linux; Android 7.0; Moto G (4)) AppleWebKit/537.36 (KHTML, like Gecko) Chrome/94.0.4590.2 Mobile Safari/537.36 Chrome-Lighthouse"
66.249.82.168 - - [23/Dec/2024:20:18:59 +0700] "GET /images/appointment-image.jpg HTTP/1.1" 200 63477 "https://epasien.rshajikamino.com/" "Mozilla/5.0 (Macintosh; Intel Mac OS X 10_15_7) AppleWebKit/537.36 (KHTML, like Gecko) Chrome/94.0.4590.2 Safari/537.36 Chrome-Lighthouse"
66.249.82.169 - - [23/Dec/2024:20:18:59 +0700] "GET /images/pages/pegawai/photo/drkalis.jpeg HTTP/1.1" 200 20387 "https://epasien.rshajikamino.com/" "Mozilla/5.0 (Macintosh; Intel Mac OS X 10_15_7) AppleWebKit/537.36 (KHTML, like Gecko) Chrome/94.0.4590.2 Safari/537.36 Chrome-Lighthouse"
66.249.82.167 - - [23/Dec/2024:20:18:59 +0700] "GET /js/jquery.js HTTP/1.1" 200 85661 "https://epasien.rshajikamino.com/" "Mozilla/5.0 (Linux; Android 7.0; Moto G (4)) AppleWebKit/537.36 (KHTML, like Gecko) Chrome/94.0.4590.2 Mobile Safari/537.36 Chrome-Lighthouse"
66.249.82.167 - - [23/Dec/2024:20:18:59 +0700] "GET /js/jquery.js HTTP/1.1" 200 85661 "https://epasien.rshajikamino.com/" "Mozilla/5.0 (Macintosh; Intel Mac OS X 10_15_7) AppleWebKit/537.36 (KHTML, like Gecko) Chrome/94.0.4590.2 Safari/537.36 Chrome-Lighthouse"
66.249.82.169 - - [23/Dec/2024:20:19:00 +0700] "GET /js/bootstrap.min.js HTTP/1.1" 200 36874 "https://epasien.rshajikamino.com/" "Mozilla/5.0 (Macintosh; Intel Mac OS X 10_15_7) AppleWebKit/537.36 (KHTML, like Gecko) Chrome/94.0.4590.2 Safari/537.36 Chrome-Lighthouse"
66.249.82.168 - - [23/Dec/2024:20:19:00 +0700] "GET /images/appointment-image.jpg HTTP/1.1" 200 63477 "https://epasien.rshajikamino.com/" "Mozilla/5.0 (Linux; Android 7.0; Moto G (4)) AppleWebKit/537.36 (KHTML, like Gecko) Chrome/94.0.4590.2 Mobile Safari/537.36 Chrome-Lighthouse"
66.249.82.168 - - [23/Dec/2024:20:19:00 +0700] "GET /js/smoothscroll.js HTTP/1.1" 200 4507 "https://epasien.rshajikamino.com/" "Mozilla/5.0 (Macintosh; Intel Mac OS X 10_15_7) AppleWebKit/537.36 (KHTML, like Gecko) Chrome/94.0.4590.2 Safari/537.36 Chrome-Lighthouse"
66.249.82.167 - - [23/Dec/2024:20:19:01 +0700] "GET /css/owl.theme.default.min.css HTTP/1.1" 200 941 "https://epasien.rshajikamino.com/" "Mozilla/5.0 (Macintosh; Intel Mac OS X 10_15_7) AppleWebKit/537.36 (KHTML, like Gecko) Chrome/94.0.4590.2 Safari/537.36 Chrome-Lighthouse"
66.249.82.169 - - [23/Dec/2024:20:19:01 +0700] "GET /images/author-image.jpg HTTP/1.1" 200 2543 "https://epasien.rshajikamino.com/" "Mozilla/5.0 (Linux; Android 7.0; Moto G (4)) AppleWebKit/537.36 (KHTML, like Gecko) Chrome/94.0.4590.2 Mobile Safari/537.36 Chrome-Lighthouse"
66.249.82.168 - - [23/Dec/2024:20:19:01 +0700] "GET /js/bootstrap.min.js HTTP/1.1" 200 36874 "https://epasien.rshajikamino.com/" "Mozilla/5.0 (Linux; Android 7.0; Moto G (4)) AppleWebKit/537.36 (KHTML, like Gecko) Chrome/94.0.4590.2 Mobile Safari/537.36 Chrome-Lighthouse"
66.249.82.168 - - [23/Dec/2024:20:19:01 +0700] "GET /js/wow.min.js HTTP/1.1" 200 7083 "https://epasien.rshajikamino.com/" "Mozilla/5.0 (Linux; Android 7.0; Moto G (4)) AppleWebKit/537.36 (KHTML, like Gecko) Chrome/94.0.4590.2 Mobile Safari/537.36 Chrome-Lighthouse"
66.249.82.167 - - [23/Dec/2024:20:19:01 +0700] "GET /js/jquery.stellar.min.js HTTP/1.1" 200 12598 "https://epasien.rshajikamino.com/" "Mozilla/5.0 (Linux; Android 7.0; Moto G (4)) AppleWebKit/537.36 (KHTML, like Gecko) Chrome/94.0.4590.2 Mobile Safari/537.36 Chrome-Lighthouse"
66.249.82.167 - - [23/Dec/2024:20:19:02 +0700] "GET /images/pages/pegawai/photo/ HTTP/1.1" 200 430 "https://epasien.rshajikamino.com/" "Mozilla/5.0 (Macintosh; Intel Mac OS X 10_15_7) AppleWebKit/537.36 (KHTML, like Gecko) Chrome/94.0.4590.2 Safari/537.36 Chrome-Lighthouse"
66.249.82.169 - - [23/Dec/2024:20:19:02 +0700] "GET /js/jquery.stellar.min.js HTTP/1.1" 200 12598 "https://epasien.rshajikamino.com/" "Mozilla/5.0 (Macintosh; Intel Mac OS X 10_15_7) AppleWebKit/537.36 (KHTML, like Gecko) Chrome/94.0.4590.2 Safari/537.36 Chrome-Lighthouse"
66.249.82.167 - - [23/Dec/2024:20:19:02 +0700] "GET /js/wow.min.js HTTP/1.1" 200 7083 "https://epasien.rshajikamino.com/" "Mozilla/5.0 (Macintosh; Intel Mac OS X 10_15_7) AppleWebKit/537.36 (KHTML, like Gecko) Chrome/94.0.4590.2 Safari/537.36 Chrome-Lighthouse"
66.249.82.168 - - [23/Dec/2024:20:19:02 +0700] "GET /css/font-awesome.min.css HTTP/1.1" 200 31004 "https://epasien.rshajikamino.com/" "Mozilla/5.0 (Macintosh; Intel Mac OS X 10_15_7) AppleWebKit/537.36 (KHTML, like Gecko) Chrome/94.0.4590.2 Safari/537.36 Chrome-Lighthouse"
66.249.82.168 - - [23/Dec/2024:20:19:02 +0700] "GET /css/animate.css HTTP/1.1" 200 76080 "https://epasien.rshajikamino.com/" "Mozilla/5.0 (Macintosh; Intel Mac OS X 10_15_7) AppleWebKit/537.36 (KHTML, like Gecko) Chrome/94.0.4590.2 Safari/537.36 Chrome-Lighthouse"
66.249.82.168 - - [23/Dec/2024:20:19:02 +0700] "GET /css/tooplate.css HTTP/1.1" 200 3264 "https://epasien.rshajikamino.com/css/tooplate-style.css" "Mozilla/5.0 (Macintosh; Intel Mac OS X 10_15_7) AppleWebKit/537.36 (KHTML, like Gecko) Chrome/94.0.4590.2 Safari/537.36 Chrome-Lighthouse"
66.249.82.169 - - [23/Dec/2024:20:19:02 +0700] "GET /css/tooplate.css HTTP/1.1" 200 3264 "https://epasien.rshajikamino.com/css/tooplate-style.css" "Mozilla/5.0 (Linux; Android 7.0; Moto G (4)) AppleWebKit/537.36 (KHTML, like Gecko) Chrome/94.0.4590.2 Mobile Safari/537.36 Chrome-Lighthouse"
66.249.82.168 - - [23/Dec/2024:20:19:03 +0700] "GET /images/slider2.jpg HTTP/1.1" 200 59932 "https://epasien.rshajikamino.com/css/tooplate-style.css" "Mozilla/5.0 (Linux; Android 7.0; Moto G (4)) AppleWebKit/537.36 (KHTML, like Gecko) Chrome/94.0.4590.2 Mobile Safari/537.36 Chrome-Lighthouse"
66.249.82.169 - - [23/Dec/2024:20:19:03 +0700] "GET /css/pxiEyp8kv8JHgFVrJJfecnFHGPc.woff2 HTTP/1.1" 200 7968 "https://epasien.rshajikamino.com/css/tooplate.css" "Mozilla/5.0 (Linux; Android 7.0; Moto G (4)) AppleWebKit/537.36 (KHTML, like Gecko) Chrome/94.0.4590.2 Mobile Safari/537.36 Chrome-Lighthouse"
66.249.82.169 - - [23/Dec/2024:20:19:03 +0700] "GET /images/about-bg.jpg HTTP/1.1" 200 68729 "https://epasien.rshajikamino.com/css/tooplate-style.css" "Mozilla/5.0 (Linux; Android 7.0; Moto G (4)) AppleWebKit/537.36 (KHTML, like Gecko) Chrome/94.0.4590.2 Mobile Safari/537.36 Chrome-Lighthouse"
66.249.82.169 - - [23/Dec/2024:20:19:03 +0700] "GET /images/slider3.jpg HTTP/1.1" 200 88184 "https://epasien.rshajikamino.com/css/tooplate-style.css" "Mozilla/5.0 (Macintosh; Intel Mac OS X 10_15_7) AppleWebKit/537.36 (KHTML, like Gecko) Chrome/94.0.4590.2 Safari/537.36 Chrome-Lighthouse"
66.249.82.169 - - [23/Dec/2024:20:19:03 +0700] "GET /css/pxiByp8kv8JHgFVrLGT9Z1xlFd2JQEk.woff2 HTTP/1.1" 200 7960 "https://epasien.rshajikamino.com/css/tooplate.css" "Mozilla/5.0 (Linux; Android 7.0; Moto G (4)) AppleWebKit/537.36 (KHTML, like Gecko) Chrome/94.0.4590.2 Mobile Safari/537.36 Chrome-Lighthouse"
66.249.82.168 - - [23/Dec/2024:20:19:03 +0700] "GET /images/slider3.jpg HTTP/1.1" 200 88184 "https://epasien.rshajikamino.com/css/tooplate-style.css" "Mozilla/5.0 (Linux; Android 7.0; Moto G (4)) AppleWebKit/537.36 (KHTML, like Gecko) Chrome/94.0.4590.2 Mobile Safari/537.36 Chrome-Lighthouse"
66.249.82.169 - - [23/Dec/2024:20:19:03 +0700] "GET /css/pxiByp8kv8JHgFVrLGT9Z1xlFd2JQEk.woff2 HTTP/1.1" 200 7960 "https://epasien.rshajikamino.com/css/tooplate.css" "Mozilla/5.0 (Macintosh; Intel Mac OS X 10_15_7) AppleWebKit/537.36 (KHTML, like Gecko) Chrome/94.0.4590.2 Safari/537.36 Chrome-Lighthouse"
66.249.82.168 - - [23/Dec/2024:20:19:03 +0700] "GET /images/slider1.jpg HTTP/1.1" 200 47711 "https://epasien.rshajikamino.com/css/tooplate-style.css" "Mozilla/5.0 (Linux; Android 7.0; Moto G (4)) AppleWebKit/537.36 (KHTML, like Gecko) Chrome/94.0.4590.2 Mobile Safari/537.36 Chrome-Lighthouse"
66.249.82.167 - - [23/Dec/2024:20:19:03 +0700] "GET /css/pxiEyp8kv8JHgFVrJJfecnFHGPc.woff2 HTTP/1.1" 200 7968 "https://epasien.rshajikamino.com/css/tooplate.css" "Mozilla/5.0 (Macintosh; Intel Mac OS X 10_15_7) AppleWebKit/537.36 (KHTML, like Gecko) Chrome/94.0.4590.2 Safari/537.36 Chrome-Lighthouse"
66.249.82.167 - - [23/Dec/2024:20:19:03 +0700] "GET /fonts/fontawesome-webfont.woff2?v=4.7.0 HTTP/1.1" 200 77160 "https://epasien.rshajikamino.com/css/font-awesome.min.css" "Mozilla/5.0 (Macintosh; Intel Mac OS X 10_15_7) AppleWebKit/537.36 (KHTML, like Gecko) Chrome/94.0.4590.2 Safari/537.36 Chrome-Lighthouse"
66.249.82.168 - - [23/Dec/2024:20:19:03 +0700] "GET /css/pxiByp8kv8JHgFVrLEj6Z1xlFd2JQEk.woff2 HTTP/1.1" 200 7836 "https://epasien.rshajikamino.com/css/tooplate.css" "Mozilla/5.0 (Linux; Android 7.0; Moto G (4)) AppleWebKit/537.36 (KHTML, like Gecko) Chrome/94.0.4590.2 Mobile Safari/537.36 Chrome-Lighthouse"
66.249.82.168 - - [23/Dec/2024:20:19:03 +0700] "GET /images/about-bg.jpg HTTP/1.1" 200 68729 "https://epasien.rshajikamino.com/css/tooplate-style.css" "Mozilla/5.0 (Macintosh; Intel Mac OS X 10_15_7) AppleWebKit/537.36 (KHTML, like Gecko) Chrome/94.0.4590.2 Safari/537.36 Chrome-Lighthouse"
66.249.82.167 - - [23/Dec/2024:20:19:03 +0700] "GET /images/slider1.jpg HTTP/1.1" 200 47711 "https://epasien.rshajikamino.com/css/tooplate-style.css" "Mozilla/5.0 (Macintosh; Intel Mac OS X 10_15_7) AppleWebKit/537.36 (KHTML, like Gecko) Chrome/94.0.4590.2 Safari/537.36 Chrome-Lighthouse"
66.249.82.169 - - [23/Dec/2024:20:19:03 +0700] "GET /fonts/fontawesome-webfont.woff2?v=4.7.0 HTTP/1.1" 200 77160 "https://epasien.rshajikamino.com/css/font-awesome.min.css" "Mozilla/5.0 (Linux; Android 7.0; Moto G (4)) AppleWebKit/537.36 (KHTML, like Gecko) Chrome/94.0.4590.2 Mobile Safari/537.36 Chrome-Lighthouse"
66.249.82.169 - - [23/Dec/2024:20:19:03 +0700] "GET /css/pxiByp8kv8JHgFVrLEj6Z1xlFd2JQEk.woff2 HTTP/1.1" 200 7836 "https://epasien.rshajikamino.com/css/tooplate.css" "Mozilla/5.0 (Macintosh; Intel Mac OS X 10_15_7) AppleWebKit/537.36 (KHTML, like Gecko) Chrome/94.0.4590.2 Safari/537.36 Chrome-Lighthouse"
66.249.82.169 - - [23/Dec/2024:20:19:03 +0700] "GET /images/slider2.jpg HTTP/1.1" 200 59932 "https://epasien.rshajikamino.com/css/tooplate-style.css" "Mozilla/5.0 (Macintosh; Intel Mac OS X 10_15_7) AppleWebKit/537.36 (KHTML, like Gecko) Chrome/94.0.4590.2 Safari/537.36 Chrome-Lighthouse"
66.249.82.167 - - [23/Dec/2024:20:19:08 +0700] "GET / HTTP/1.1" 200 30445 "-" "Mozilla/5.0 (Linux; Android 7.0; Moto G (4)) AppleWebKit/537.36 (KHTML, like Gecko) Chrome/94.0.4590.2 Mobile Safari/537.36 Chrome-Lighthouse"
66.249.82.168 - - [23/Dec/2024:20:19:08 +0700] "GET / HTTP/1.1" 200 30445 "-" "Mozilla/5.0 (Macintosh; Intel Mac OS X 10_15_7) AppleWebKit/537.36 (KHTML, like Gecko) Chrome/94.0.4590.2 Safari/537.36 Chrome-Lighthouse"
66.249.82.168 - - [23/Dec/2024:20:19:12 +0700] "GET /robots.txt HTTP/1.1" 404 208 "http://ghost-rider/" "Mozilla/5.0 (Linux; Android 7.0; Moto G (4)) AppleWebKit/537.36 (KHTML, like Gecko) Chrome/94.0.4590.2 Mobile Safari/537.36 Chrome-Lighthouse"
66.249.82.167 - - [23/Dec/2024:20:19:13 +0700] "GET /robots.txt HTTP/1.1" 404 208 "http://ghost-rider/" "Mozilla/5.0 (Macintosh; Intel Mac OS X 10_15_7) AppleWebKit/537.36 (KHTML, like Gecko) Chrome/94.0.4590.2 Safari/537.36 Chrome-Lighthouse"
110.137.38.174 - - [23/Dec/2024:20:21:41 +0700] "GET /index.php?act=DokterKami HTTP/1.1" 200 60265 "https://epasien.rshajikamino.com/" "Mozilla/5.0 (Macintosh; Intel Mac OS X 10_15_7) AppleWebKit/605.1.15 (KHTML, like Gecko) Version/18.1.1 Safari/605.1.15"
110.137.38.174 - - [23/Dec/2024:20:21:47 +0700] "GET /index.php?act=Home HTTP/1.1" 200 30070 "https://epasien.rshajikamino.com/index.php?act=DokterKami" "Mozilla/5.0 (Macintosh; Intel Mac OS X 10_15_7) AppleWebKit/605.1.15 (KHTML, like Gecko) Version/18.1.1 Safari/605.1.15"
110.137.38.174 - - [23/Dec/2024:20:21:48 +0700] "GET /images/pages/pegawai/photo/ HTTP/1.1" 200 430 "https://epasien.rshajikamino.com/index.php?act=Home" "Mozilla/5.0 (Macintosh; Intel Mac OS X 10_15_7) AppleWebKit/605.1.15 (KHTML, like Gecko) Version/18.1.1 Safari/605.1.15"
110.137.38.174 - - [23/Dec/2024:20:25:47 +0700] "GET /index.php?act=Home HTTP/1.1" 200 30070 "https://epasien.rshajikamino.com/index.php?act=DokterKami" "Mozilla/5.0 (Macintosh; Intel Mac OS X 10_15_7) AppleWebKit/605.1.15 (KHTML, like Gecko) Version/18.1.1 Safari/605.1.15"
110.137.38.174 - - [23/Dec/2024:20:25:47 +0700] "GET /images/pages/pegawai/photo/ HTTP/1.1" 200 430 "https://epasien.rshajikamino.com/index.php?act=Home" "Mozilla/5.0 (Macintosh; Intel Mac OS X 10_15_7) AppleWebKit/605.1.15 (KHTML, like Gecko) Version/18.1.1 Safari/605.1.15"
110.137.38.174 - - [23/Dec/2024:20:25:47 +0700] "GET /images/author-image.jpg HTTP/1.1" 304 - "https://epasien.rshajikamino.com/index.php?act=Home" "Mozilla/5.0 (Macintosh; Intel Mac OS X 10_15_7) AppleWebKit/605.1.15 (KHTML, like Gecko) Version/18.1.1 Safari/605.1.15"
110.137.38.174 - - [23/Dec/2024:20:29:55 +0700] "GET /index.php?act=Home HTTP/1.1" 200 30464 "https://epasien.rshajikamino.com/index.php?act=DokterKami" "Mozilla/5.0 (Macintosh; Intel Mac OS X 10_15_7) AppleWebKit/605.1.15 (KHTML, like Gecko) Version/18.1.1 Safari/605.1.15"
110.137.38.174 - - [23/Dec/2024:20:29:56 +0700] "GET /images/pages/pegawai/photo/ HTTP/1.1" 200 430 "https://epasien.rshajikamino.com/index.php?act=Home" "Mozilla/5.0 (Macintosh; Intel Mac OS X 10_15_7) AppleWebKit/605.1.15 (KHTML, like Gecko) Version/18.1.1 Safari/605.1.15"
110.137.38.174 - - [23/Dec/2024:20:30:22 +0700] "GET /index.php?act=Home HTTP/1.1" 200 30464 "https://epasien.rshajikamino.com/index.php?act=DokterKami" "Mozilla/5.0 (Macintosh; Intel Mac OS X 10_15_7) AppleWebKit/605.1.15 (KHTML, like Gecko) Version/18.1.1 Safari/605.1.15"
110.137.38.174 - - [23/Dec/2024:20:30:22 +0700] "GET /images/pages/pegawai/photo/ HTTP/1.1" 200 430 "https://epasien.rshajikamino.com/index.php?act=Home" "Mozilla/5.0 (Macintosh; Intel Mac OS X 10_15_7) AppleWebKit/605.1.15 (KHTML, like Gecko) Version/18.1.1 Safari/605.1.15"
110.137.38.174 - - [23/Dec/2024:20:30:38 +0700] "GET /index.php?act=Home HTTP/1.1" 200 30473 "https://epasien.rshajikamino.com/index.php?act=DokterKami" "Mozilla/5.0 (Macintosh; Intel Mac OS X 10_15_7) AppleWebKit/605.1.15 (KHTML, like Gecko) Version/18.1.1 Safari/605.1.15"
110.137.38.174 - - [23/Dec/2024:20:30:38 +0700] "GET /images/pages/pegawai/photo/ HTTP/1.1" 200 430 "https://epasien.rshajikamino.com/index.php?act=Home" "Mozilla/5.0 (Macintosh; Intel Mac OS X 10_15_7) AppleWebKit/605.1.15 (KHTML, like Gecko) Version/18.1.1 Safari/605.1.15"
110.137.38.174 - - [23/Dec/2024:20:30:55 +0700] "GET /index.php?act=Home HTTP/1.1" 200 30464 "https://epasien.rshajikamino.com/index.php?act=DokterKami" "Mozilla/5.0 (Macintosh; Intel Mac OS X 10_15_7) AppleWebKit/605.1.15 (KHTML, like Gecko) Version/18.1.1 Safari/605.1.15"
110.137.38.174 - - [23/Dec/2024:20:30:55 +0700] "GET /images/pages/pegawai/photo/ HTTP/1.1" 200 430 "https://epasien.rshajikamino.com/index.php?act=Home" "Mozilla/5.0 (Macintosh; Intel Mac OS X 10_15_7) AppleWebKit/605.1.15 (KHTML, like Gecko) Version/18.1.1 Safari/605.1.15"
110.137.38.174 - - [23/Dec/2024:20:31:13 +0700] "GET / HTTP/1.1" 200 30464 "-" "Mozilla/5.0 (Macintosh; Intel Mac OS X 10_15_7) AppleWebKit/605.1.15 (KHTML, like Gecko) Version/18.1.1 Safari/605.1.15"
110.137.38.174 - - [23/Dec/2024:20:31:13 +0700] "GET /images/pages/pegawai/photo/ HTTP/1.1" 200 430 "https://epasien.rshajikamino.com/" "Mozilla/5.0 (Macintosh; Intel Mac OS X 10_15_7) AppleWebKit/605.1.15 (KHTML, like Gecko) Version/18.1.1 Safari/605.1.15"
110.137.38.174 - - [23/Dec/2024:20:31:45 +0700] "GET /index.php?act=Home HTTP/1.1" 200 30464 "https://epasien.rshajikamino.com/index.php?act=DokterKami" "Mozilla/5.0 (Macintosh; Intel Mac OS X 10_15_7) AppleWebKit/605.1.15 (KHTML, like Gecko) Version/18.1.1 Safari/605.1.15"
110.137.38.174 - - [23/Dec/2024:20:31:45 +0700] "GET /images/pages/pegawai/photo/ HTTP/1.1" 200 430 "https://epasien.rshajikamino.com/index.php?act=Home" "Mozilla/5.0 (Macintosh; Intel Mac OS X 10_15_7) AppleWebKit/605.1.15 (KHTML, like Gecko) Version/18.1.1 Safari/605.1.15"
110.137.38.174 - - [23/Dec/2024:20:32:12 +0700] "GET / HTTP/1.1" 200 30464 "-" "Mozilla/5.0 (iPhone; CPU iPhone OS 18_1_1 like Mac OS X) AppleWebKit/605.1.15 (KHTML, like Gecko) Version/18.1.1 Mobile/15E148 Safari/604.1"
110.137.38.174 - - [23/Dec/2024:20:32:13 +0700] "GET /images/author-image.jpg HTTP/1.1" 304 - "https://epasien.rshajikamino.com/" "Mozilla/5.0 (iPhone; CPU iPhone OS 18_1_1 like Mac OS X) AppleWebKit/605.1.15 (KHTML, like Gecko) Version/18.1.1 Mobile/15E148 Safari/604.1"
110.137.38.174 - - [23/Dec/2024:20:32:13 +0700] "GET /images/slider1.jpg HTTP/1.1" 304 - "https://epasien.rshajikamino.com/" "Mozilla/5.0 (iPhone; CPU iPhone OS 18_1_1 like Mac OS X) AppleWebKit/605.1.15 (KHTML, like Gecko) Version/18.1.1 Mobile/15E148 Safari/604.1"
110.137.38.174 - - [23/Dec/2024:20:32:13 +0700] "GET /images/about-bg.jpg HTTP/1.1" 304 - "https://epasien.rshajikamino.com/" "Mozilla/5.0 (iPhone; CPU iPhone OS 18_1_1 like Mac OS X) AppleWebKit/605.1.15 (KHTML, like Gecko) Version/18.1.1 Mobile/15E148 Safari/604.1"
110.137.38.174 - - [23/Dec/2024:20:32:13 +0700] "GET /images/appointment-image.jpg HTTP/1.1" 304 - "https://epasien.rshajikamino.com/" "Mozilla/5.0 (iPhone; CPU iPhone OS 18_1_1 like Mac OS X) AppleWebKit/605.1.15 (KHTML, like Gecko) Version/18.1.1 Mobile/15E148 Safari/604.1"
110.137.38.174 - - [23/Dec/2024:20:32:13 +0700] "GET /images/pages/pegawai/photo/ HTTP/1.1" 200 430 "https://epasien.rshajikamino.com/" "Mozilla/5.0 (iPhone; CPU iPhone OS 18_1_1 like Mac OS X) AppleWebKit/605.1.15 (KHTML, like Gecko) Version/18.1.1 Mobile/15E148 Safari/604.1"
110.137.38.174 - - [23/Dec/2024:20:32:13 +0700] "GET /images/slider3.jpg HTTP/1.1" 304 - "https://epasien.rshajikamino.com/" "Mozilla/5.0 (iPhone; CPU iPhone OS 18_1_1 like Mac OS X) AppleWebKit/605.1.15 (KHTML, like Gecko) Version/18.1.1 Mobile/15E148 Safari/604.1"
110.137.38.174 - - [23/Dec/2024:20:32:13 +0700] "GET /images/slider2.jpg HTTP/1.1" 304 - "https://epasien.rshajikamino.com/" "Mozilla/5.0 (iPhone; CPU iPhone OS 18_1_1 like Mac OS X) AppleWebKit/605.1.15 (KHTML, like Gecko) Version/18.1.1 Mobile/15E148 Safari/604.1"
110.137.38.174 - - [23/Dec/2024:20:32:34 +0700] "GET /index.php?act=Home HTTP/1.1" 200 30464 "https://epasien.rshajikamino.com/index.php?act=DokterKami" "Mozilla/5.0 (Macintosh; Intel Mac OS X 10_15_7) AppleWebKit/605.1.15 (KHTML, like Gecko) Version/18.1.1 Safari/605.1.15"
110.137.38.174 - - [23/Dec/2024:20:32:34 +0700] "GET /images/pages/pegawai/photo/ HTTP/1.1" 200 430 "https://epasien.rshajikamino.com/index.php?act=Home" "Mozilla/5.0 (Macintosh; Intel Mac OS X 10_15_7) AppleWebKit/605.1.15 (KHTML, like Gecko) Version/18.1.1 Safari/605.1.15"
110.137.38.174 - - [23/Dec/2024:20:32:41 +0700] "GET / HTTP/1.1" 200 30464 "-" "Mozilla/5.0 (iPhone; CPU iPhone OS 18_1_1 like Mac OS X) AppleWebKit/605.1.15 (KHTML, like Gecko) Version/18.1.1 Mobile/15E148 Safari/604.1"
110.137.38.174 - - [23/Dec/2024:20:32:41 +0700] "GET /images/pages/pegawai/photo/ HTTP/1.1" 200 430 "https://epasien.rshajikamino.com/" "Mozilla/5.0 (iPhone; CPU iPhone OS 18_1_1 like Mac OS X) AppleWebKit/605.1.15 (KHTML, like Gecko) Version/18.1.1 Mobile/15E148 Safari/604.1"
110.137.38.174 - - [23/Dec/2024:20:32:59 +0700] "GET /index.php?act=Home HTTP/1.1" 200 30464 "https://epasien.rshajikamino.com/index.php?act=DokterKami" "Mozilla/5.0 (Macintosh; Intel Mac OS X 10_15_7) AppleWebKit/605.1.15 (KHTML, like Gecko) Version/18.1.1 Safari/605.1.15"
110.137.38.174 - - [23/Dec/2024:20:32:59 +0700] "GET /images/pages/pegawai/photo/ HTTP/1.1" 200 430 "https://epasien.rshajikamino.com/index.php?act=Home" "Mozilla/5.0 (Macintosh; Intel Mac OS X 10_15_7) AppleWebKit/605.1.15 (KHTML, like Gecko) Version/18.1.1 Safari/605.1.15"
110.137.38.174 - - [23/Dec/2024:20:33:11 +0700] "GET / HTTP/1.1" 200 30464 "-" "Mozilla/5.0 (iPhone; CPU iPhone OS 18_1_1 like Mac OS X) AppleWebKit/605.1.15 (KHTML, like Gecko) Version/18.1.1 Mobile/15E148 Safari/604.1"
110.137.38.174 - - [23/Dec/2024:20:33:11 +0700] "GET /images/pages/pegawai/photo/ HTTP/1.1" 200 430 "https://epasien.rshajikamino.com/" "Mozilla/5.0 (iPhone; CPU iPhone OS 18_1_1 like Mac OS X) AppleWebKit/605.1.15 (KHTML, like Gecko) Version/18.1.1 Mobile/15E148 Safari/604.1"
110.137.38.174 - - [23/Dec/2024:20:34:41 +0700] "GET /index.php?act=Home HTTP/1.1" 200 30071 "https://epasien.rshajikamino.com/index.php?act=DokterKami" "Mozilla/5.0 (Macintosh; Intel Mac OS X 10_15_7) AppleWebKit/605.1.15 (KHTML, like Gecko) Version/18.1.1 Safari/605.1.15"
110.137.38.174 - - [23/Dec/2024:20:34:41 +0700] "GET /images/pages/pegawai/photo/ HTTP/1.1" 200 430 "https://epasien.rshajikamino.com/index.php?act=Home" "Mozilla/5.0 (Macintosh; Intel Mac OS X 10_15_7) AppleWebKit/605.1.15 (KHTML, like Gecko) Version/18.1.1 Safari/605.1.15"
110.137.38.174 - - [23/Dec/2024:20:34:41 +0700] "GET /images/author-image.jpg HTTP/1.1" 304 - "https://epasien.rshajikamino.com/index.php?act=Home" "Mozilla/5.0 (Macintosh; Intel Mac OS X 10_15_7) AppleWebKit/605.1.15 (KHTML, like Gecko) Version/18.1.1 Safari/605.1.15"
110.137.38.174 - - [23/Dec/2024:20:34:48 +0700] "GET / HTTP/1.1" 200 30071 "-" "Mozilla/5.0 (iPhone; CPU iPhone OS 18_1_1 like Mac OS X) AppleWebKit/605.1.15 (KHTML, like Gecko) Version/18.1.1 Mobile/15E148 Safari/604.1"
110.137.38.174 - - [23/Dec/2024:20:34:48 +0700] "GET /images/pages/pegawai/photo/ HTTP/1.1" 200 430 "https://epasien.rshajikamino.com/" "Mozilla/5.0 (iPhone; CPU iPhone OS 18_1_1 like Mac OS X) AppleWebKit/605.1.15 (KHTML, like Gecko) Version/18.1.1 Mobile/15E148 Safari/604.1"
110.137.38.174 - - [23/Dec/2024:20:35:19 +0700] "GET /index.php?act=Home HTTP/1.1" 200 30070 "https://epasien.rshajikamino.com/index.php?act=DokterKami" "Mozilla/5.0 (Macintosh; Intel Mac OS X 10_15_7) AppleWebKit/605.1.15 (KHTML, like Gecko) Version/18.1.1 Safari/605.1.15"
110.137.38.174 - - [23/Dec/2024:20:35:19 +0700] "GET /images/pages/pegawai/photo/ HTTP/1.1" 200 430 "https://epasien.rshajikamino.com/index.php?act=Home" "Mozilla/5.0 (Macintosh; Intel Mac OS X 10_15_7) AppleWebKit/605.1.15 (KHTML, like Gecko) Version/18.1.1 Safari/605.1.15"
110.137.38.174 - - [23/Dec/2024:20:38:25 +0700] "GET /index.php?act=Home HTTP/1.1" 200 30070 "https://epasien.rshajikamino.com/index.php?act=DokterKami" "Mozilla/5.0 (Macintosh; Intel Mac OS X 10_15_7) AppleWebKit/605.1.15 (KHTML, like Gecko) Version/18.1.1 Safari/605.1.15"
110.137.38.174 - - [23/Dec/2024:20:38:25 +0700] "GET /images/pages/pegawai/photo/ HTTP/1.1" 200 430 "https://epasien.rshajikamino.com/index.php?act=Home" "Mozilla/5.0 (Macintosh; Intel Mac OS X 10_15_7) AppleWebKit/605.1.15 (KHTML, like Gecko) Version/18.1.1 Safari/605.1.15"
110.137.38.174 - - [23/Dec/2024:20:38:31 +0700] "GET /index.php?act=LoginPasien HTTP/1.1" 200 13101 "https://epasien.rshajikamino.com/index.php?act=Home" "Mozilla/5.0 (Macintosh; Intel Mac OS X 10_15_7) AppleWebKit/605.1.15 (KHTML, like Gecko) Version/18.1.1 Safari/605.1.15"
110.137.38.174 - - [23/Dec/2024:20:38:31 +0700] "GET /capca.css HTTP/1.1" 404 207 "https://epasien.rshajikamino.com/index.php?act=LoginPasien" "Mozilla/5.0 (Macintosh; Intel Mac OS X 10_15_7) AppleWebKit/605.1.15 (KHTML, like Gecko) Version/18.1.1 Safari/605.1.15"
110.137.38.174 - - [23/Dec/2024:20:38:31 +0700] "GET /pages/captcha.php HTTP/1.1" 200 635 "https://epasien.rshajikamino.com/index.php?act=LoginPasien" "Mozilla/5.0 (Macintosh; Intel Mac OS X 10_15_7) AppleWebKit/605.1.15 (KHTML, like Gecko) Version/18.1.1 Safari/605.1.15"
66.249.82.171 - - [23/Dec/2024:20:40:10 +0700] "GET / HTTP/1.1" 200 30445 "-" "Mozilla/5.0 (Linux; Android 7.0; Moto G (4)) AppleWebKit/537.36 (KHTML, like Gecko) Chrome/94.0.4590.2 Mobile Safari/537.36 Chrome-Lighthouse"
66.249.82.171 - - [23/Dec/2024:20:40:13 +0700] "GET / HTTP/1.1" 200 30445 "-" "Mozilla/5.0 (Macintosh; Intel Mac OS X 10_15_7) AppleWebKit/537.36 (KHTML, like Gecko) Chrome/94.0.4590.2 Safari/537.36 Chrome-Lighthouse"
66.249.82.169 - - [23/Dec/2024:20:40:19 +0700] "GET / HTTP/1.1" 200 30445 "-" "Mozilla/5.0 (Macintosh; Intel Mac OS X 10_15_7) AppleWebKit/537.36 (KHTML, like Gecko) Chrome/94.0.4590.2 Safari/537.36 Chrome-Lighthouse"
66.249.82.169 - - [23/Dec/2024:20:40:22 +0700] "GET /js/custom.js HTTP/1.1" 200 938 "https://epasien.rshajikamino.com/" "Mozilla/5.0 (Macintosh; Intel Mac OS X 10_15_7) AppleWebKit/537.36 (KHTML, like Gecko) Chrome/94.0.4590.2 Safari/537.36 Chrome-Lighthouse"
66.249.82.167 - - [23/Dec/2024:20:40:22 +0700] "GET /conf/validator.js HTTP/1.1" 404 215 "https://epasien.rshajikamino.com/" "Mozilla/5.0 (Macintosh; Intel Mac OS X 10_15_7) AppleWebKit/537.36 (KHTML, like Gecko) Chrome/94.0.4590.2 Safari/537.36 Chrome-Lighthouse"
66.249.82.169 - - [23/Dec/2024:20:40:22 +0700] "GET /images/pages/pegawai/photo/drkalis.jpeg HTTP/1.1" 200 20387 "https://epasien.rshajikamino.com/" "Mozilla/5.0 (Macintosh; Intel Mac OS X 10_15_7) AppleWebKit/537.36 (KHTML, like Gecko) Chrome/94.0.4590.2 Safari/537.36 Chrome-Lighthouse"
66.249.82.169 - - [23/Dec/2024:20:40:20 +0700] "GET / HTTP/1.1" 200 30445 "-" "Mozilla/5.0 (Linux; Android 7.0; Moto G (4)) AppleWebKit/537.36 (KHTML, like Gecko) Chrome/94.0.4590.2 Mobile Safari/537.36 Chrome-Lighthouse"
66.249.82.167 - - [23/Dec/2024:20:40:22 +0700] "GET /js/wow.min.js HTTP/1.1" 200 7083 "https://epasien.rshajikamino.com/" "Mozilla/5.0 (Macintosh; Intel Mac OS X 10_15_7) AppleWebKit/537.36 (KHTML, like Gecko) Chrome/94.0.4590.2 Safari/537.36 Chrome-Lighthouse"
66.249.82.168 - - [23/Dec/2024:20:40:22 +0700] "GET /js/owl.carousel.min.js HTTP/1.1" 200 42772 "https://epasien.rshajikamino.com/" "Mozilla/5.0 (Macintosh; Intel Mac OS X 10_15_7) AppleWebKit/537.36 (KHTML, like Gecko) Chrome/94.0.4590.2 Safari/537.36 Chrome-Lighthouse"
66.249.82.167 - - [23/Dec/2024:20:40:22 +0700] "GET /css/font-awesome.min.css HTTP/1.1" 200 31004 "https://epasien.rshajikamino.com/" "Mozilla/5.0 (Macintosh; Intel Mac OS X 10_15_7) AppleWebKit/537.36 (KHTML, like Gecko) Chrome/94.0.4590.2 Safari/537.36 Chrome-Lighthouse"
66.249.82.169 - - [23/Dec/2024:20:40:22 +0700] "GET /js/smoothscroll.js HTTP/1.1" 200 4507 "https://epasien.rshajikamino.com/" "Mozilla/5.0 (Macintosh; Intel Mac OS X 10_15_7) AppleWebKit/537.36 (KHTML, like Gecko) Chrome/94.0.4590.2 Safari/537.36 Chrome-Lighthouse"
66.249.82.168 - - [23/Dec/2024:20:40:24 +0700] "GET /js/jquery.js HTTP/1.1" 200 85661 "https://epasien.rshajikamino.com/" "Mozilla/5.0 (Macintosh; Intel Mac OS X 10_15_7) AppleWebKit/537.36 (KHTML, like Gecko) Chrome/94.0.4590.2 Safari/537.36 Chrome-Lighthouse"
66.249.82.169 - - [23/Dec/2024:20:40:24 +0700] "GET /css/bootstrap.min.css HTTP/1.1" 200 121265 "https://epasien.rshajikamino.com/" "Mozilla/5.0 (Macintosh; Intel Mac OS X 10_15_7) AppleWebKit/537.36 (KHTML, like Gecko) Chrome/94.0.4590.2 Safari/537.36 Chrome-Lighthouse"
66.249.82.169 - - [23/Dec/2024:20:40:24 +0700] "GET /css/animate.css HTTP/1.1" 200 76080 "https://epasien.rshajikamino.com/" "Mozilla/5.0 (Macintosh; Intel Mac OS X 10_15_7) AppleWebKit/537.36 (KHTML, like Gecko) Chrome/94.0.4590.2 Safari/537.36 Chrome-Lighthouse"
66.249.82.169 - - [23/Dec/2024:20:40:24 +0700] "GET /images/appointment-image.jpg HTTP/1.1" 200 63477 "https://epasien.rshajikamino.com/" "Mozilla/5.0 (Macintosh; Intel Mac OS X 10_15_7) AppleWebKit/537.36 (KHTML, like Gecko) Chrome/94.0.4590.2 Safari/537.36 Chrome-Lighthouse"
66.249.82.169 - - [23/Dec/2024:20:40:24 +0700] "GET /js/jquery.stellar.min.js HTTP/1.1" 200 12598 "https://epasien.rshajikamino.com/" "Mozilla/5.0 (Macintosh; Intel Mac OS X 10_15_7) AppleWebKit/537.36 (KHTML, like Gecko) Chrome/94.0.4590.2 Safari/537.36 Chrome-Lighthouse"
66.249.82.169 - - [23/Dec/2024:20:40:24 +0700] "GET /css/owl.theme.default.min.css HTTP/1.1" 200 941 "https://epasien.rshajikamino.com/" "Mozilla/5.0 (Macintosh; Intel Mac OS X 10_15_7) AppleWebKit/537.36 (KHTML, like Gecko) Chrome/94.0.4590.2 Safari/537.36 Chrome-Lighthouse"
66.249.82.169 - - [23/Dec/2024:20:40:24 +0700] "GET /images/pages/pegawai/photo/ HTTP/1.1" 200 430 "https://epasien.rshajikamino.com/" "Mozilla/5.0 (Macintosh; Intel Mac OS X 10_15_7) AppleWebKit/537.36 (KHTML, like Gecko) Chrome/94.0.4590.2 Safari/537.36 Chrome-Lighthouse"
66.249.82.167 - - [23/Dec/2024:20:40:25 +0700] "GET /images/author-image.jpg HTTP/1.1" 200 2543 "https://epasien.rshajikamino.com/" "Mozilla/5.0 (Macintosh; Intel Mac OS X 10_15_7) AppleWebKit/537.36 (KHTML, like Gecko) Chrome/94.0.4590.2 Safari/537.36 Chrome-Lighthouse"
66.249.82.168 - - [23/Dec/2024:20:40:25 +0700] "GET /js/jquery.sticky.js HTTP/1.1" 200 7523 "https://epasien.rshajikamino.com/" "Mozilla/5.0 (Macintosh; Intel Mac OS X 10_15_7) AppleWebKit/537.36 (KHTML, like Gecko) Chrome/94.0.4590.2 Safari/537.36 Chrome-Lighthouse"
66.249.82.168 - - [23/Dec/2024:20:40:25 +0700] "GET /js/bootstrap.min.js HTTP/1.1" 200 36874 "https://epasien.rshajikamino.com/" "Mozilla/5.0 (Macintosh; Intel Mac OS X 10_15_7) AppleWebKit/537.36 (KHTML, like Gecko) Chrome/94.0.4590.2 Safari/537.36 Chrome-Lighthouse"
